Using cpu device
Logging to C:\Users\ziyad\GeckoBrain\renders\tb\s4_run2b_elbow008_1
[checkpoint] published=C:\Users\ziyad\GeckoBrain\models\s4_run2b_elbow008\checkpoints\step-0 steps=0
---------------------------------
| rollout/           |          |
|    ep_len_mean     | 1e+03    |
|    ep_rew_mean     | 1.25e+03 |
| time/              |          |
|    fps             | 958      |
|    iterations      | 1        |
|    time_elapsed    | 34       |
|    total_timesteps | 32768    |
---------------------------------
-----------------------------------------
| rollout/                |             |
|    ep_len_mean          | 1e+03       |
|    ep_rew_mean          | 1.27e+03    |
| time/                   |             |
|    fps                  | 940         |
|    iterations           | 2           |
|    time_elapsed         | 69          |
|    total_timesteps      | 65536       |
| train/                  |             |
|    approx_kl            | 0.013642119 |
|    clip_fraction        | 0.165       |
|    clip_range           | 0.2         |
|    entropy_loss         | -35.5       |
|    explained_variance   | -2.87       |
|    learning_rate        | 0.0003      |
|    loss                 | -0.139      |
|    n_updates            | 10          |
|    policy_gradient_loss | -0.0237     |
|    std                  | 1           |
|    value_loss           | 0.174       |
-----------------------------------------
-----------------------------------------
| rollout/                |             |
|    ep_len_mean          | 1e+03       |
|    ep_rew_mean          | 1.29e+03    |
| time/                   |             |
|    fps                  | 925         |
|    iterations           | 3           |
|    time_elapsed         | 106         |
|    total_timesteps      | 98304       |
| train/                  |             |
|    approx_kl            | 0.013565734 |
|    clip_fraction        | 0.154       |
|    clip_range           | 0.2         |
|    entropy_loss         | -35.5       |
|    explained_variance   | -0.399      |
|    learning_rate        | 0.0003      |
|    loss                 | -0.152      |
|    n_updates            | 20          |
|    policy_gradient_loss | -0.0231     |
|    std                  | 1           |
|    value_loss           | 0.0909      |
-----------------------------------------
[checkpoint] published=C:\Users\ziyad\GeckoBrain\models\s4_run2b_elbow008\checkpoints\step-100000 steps=100000
Eval num_timesteps=100000, episode_reward=1634.68 +/- 50.49
Episode length: 1000.00 +/- 0.00
-----------------------------------------
| eval/                   |             |
|    mean_ep_length       | 1e+03       |
|    mean_reward          | 1.63e+03    |
| time/                   |             |
|    total_timesteps      | 100000      |
| train/                  |             |
|    approx_kl            | 0.014104178 |
|    clip_fraction        | 0.172       |
|    clip_range           | 0.2         |
|    entropy_loss         | -35.5       |
|    explained_variance   | 0.303       |
|    learning_rate        | 0.0003      |
|    loss                 | -0.158      |
|    n_updates            | 30          |
|    policy_gradient_loss | -0.0255     |
|    std                  | 1           |
|    value_loss           | 0.0681      |
-----------------------------------------
New best mean reward!
---------------------------------
| rollout/           |          |
|    ep_len_mean     | 1e+03    |
|    ep_rew_mean     | 1.34e+03 |
| time/              |          |
|    fps             | 753      |
|    iterations      | 4        |
|    time_elapsed    | 173      |
|    total_timesteps | 131072   |
---------------------------------
-----------------------------------------
| rollout/                |             |
|    ep_len_mean          | 1e+03       |
|    ep_rew_mean          | 1.4e+03     |
| time/                   |             |
|    fps                  | 765         |
|    iterations           | 5           |
|    time_elapsed         | 213         |
|    total_timesteps      | 163840      |
| train/                  |             |
|    approx_kl            | 0.014233457 |
|    clip_fraction        | 0.178       |
|    clip_range           | 0.2         |
|    entropy_loss         | -35.5       |
|    explained_variance   | 0.439       |
|    learning_rate        | 0.0003      |
|    loss                 | -0.16       |
|    n_updates            | 40          |
|    policy_gradient_loss | -0.0266     |
|    std                  | 1           |
|    value_loss           | 0.0599      |
-----------------------------------------
-----------------------------------------
| rollout/                |             |
|    ep_len_mean          | 1e+03       |
|    ep_rew_mean          | 1.45e+03    |
| time/                   |             |
|    fps                  | 780         |
|    iterations           | 6           |
|    time_elapsed         | 251         |
|    total_timesteps      | 196608      |
| train/                  |             |
|    approx_kl            | 0.014067603 |
|    clip_fraction        | 0.175       |
|    clip_range           | 0.2         |
|    entropy_loss         | -35.5       |
|    explained_variance   | 0.583       |
|    learning_rate        | 0.0003      |
|    loss                 | -0.162      |
|    n_updates            | 50          |
|    policy_gradient_loss | -0.0266     |
|    std                  | 1           |
|    value_loss           | 0.0534      |
-----------------------------------------
[checkpoint] published=C:\Users\ziyad\GeckoBrain\models\s4_run2b_elbow008\checkpoints\step-200000 steps=200000
Eval num_timesteps=200000, episode_reward=1851.54 +/- 101.06
Episode length: 1000.00 +/- 0.00
-----------------------------------------
| eval/                   |             |
|    mean_ep_length       | 1e+03       |
|    mean_reward          | 1.85e+03    |
| time/                   |             |
|    total_timesteps      | 200000      |
| train/                  |             |
|    approx_kl            | 0.014130928 |
|    clip_fraction        | 0.18        |
|    clip_range           | 0.2         |
|    entropy_loss         | -35.5       |
|    explained_variance   | 0.584       |
|    learning_rate        | 0.0003      |
|    loss                 | -0.161      |
|    n_updates            | 60          |
|    policy_gradient_loss | -0.0279     |
|    std                  | 1           |
|    value_loss           | 0.0494      |
-----------------------------------------
New best mean reward!
---------------------------------
| rollout/           |          |
|    ep_len_mean     | 1e+03    |
|    ep_rew_mean     | 1.5e+03  |
| time/              |          |
|    fps             | 725      |
|    iterations      | 7        |
|    time_elapsed    | 316      |
|    total_timesteps | 229376   |
---------------------------------
----------------------------------------
| rollout/                |            |
|    ep_len_mean          | 1e+03      |
|    ep_rew_mean          | 1.54e+03   |
| time/                   |            |
|    fps                  | 737        |
|    iterations           | 8          |
|    time_elapsed         | 355        |
|    total_timesteps      | 262144     |
| train/                  |            |
|    approx_kl            | 0.01402799 |
|    clip_fraction        | 0.175      |
|    clip_range           | 0.2        |
|    entropy_loss         | -35.5      |
|    explained_variance   | 0.651      |
|    learning_rate        | 0.0003     |
|    loss                 | -0.166     |
|    n_updates            | 70         |
|    policy_gradient_loss | -0.0272    |
|    std                  | 1          |
|    value_loss           | 0.0436     |
----------------------------------------
-----------------------------------------
| rollout/                |             |
|    ep_len_mean          | 1e+03       |
|    ep_rew_mean          | 1.57e+03    |
| time/                   |             |
|    fps                  | 750         |
|    iterations           | 9           |
|    time_elapsed         | 392         |
|    total_timesteps      | 294912      |
| train/                  |             |
|    approx_kl            | 0.014478054 |
|    clip_fraction        | 0.189       |
|    clip_range           | 0.2         |
|    entropy_loss         | -35.5       |
|    explained_variance   | 0.697       |
|    learning_rate        | 0.0003      |
|    loss                 | -0.168      |
|    n_updates            | 80          |
|    policy_gradient_loss | -0.0293     |
|    std                  | 1           |
|    value_loss           | 0.0393      |
-----------------------------------------
[checkpoint] published=C:\Users\ziyad\GeckoBrain\models\s4_run2b_elbow008\checkpoints\step-300000 steps=300000
Eval num_timesteps=300000, episode_reward=1960.91 +/- 71.24
Episode length: 1000.00 +/- 0.00
-----------------------------------------
| eval/                   |             |
|    mean_ep_length       | 1e+03       |
|    mean_reward          | 1.96e+03    |
| time/                   |             |
|    total_timesteps      | 300000      |
| train/                  |             |
|    approx_kl            | 0.014623223 |
|    clip_fraction        | 0.189       |
|    clip_range           | 0.2         |
|    entropy_loss         | -35.5       |
|    explained_variance   | 0.684       |
|    learning_rate        | 0.0003      |
|    loss                 | -0.169      |
|    n_updates            | 90          |
|    policy_gradient_loss | -0.029      |
|    std                  | 1           |
|    value_loss           | 0.0369      |
-----------------------------------------
New best mean reward!
---------------------------------
| rollout/           |          |
|    ep_len_mean     | 1e+03    |
|    ep_rew_mean     | 1.6e+03  |
| time/              |          |
|    fps             | 712      |
|    iterations      | 10       |
|    time_elapsed    | 460      |
|    total_timesteps | 327680   |
---------------------------------
------------------------------------------
| rollout/                |              |
|    ep_len_mean          | 1e+03        |
|    ep_rew_mean          | 1.64e+03     |
| time/                   |              |
|    fps                  | 720          |
|    iterations           | 11           |
|    time_elapsed         | 500          |
|    total_timesteps      | 360448       |
| train/                  |              |
|    approx_kl            | 0.0138912555 |
|    clip_fraction        | 0.183        |
|    clip_range           | 0.2          |
|    entropy_loss         | -35.5        |
|    explained_variance   | 0.72         |
|    learning_rate        | 0.0003       |
|    loss                 | -0.173       |
|    n_updates            | 100          |
|    policy_gradient_loss | -0.0292      |
|    std                  | 1            |
|    value_loss           | 0.0319       |
------------------------------------------
-----------------------------------------
| rollout/                |             |
|    ep_len_mean          | 1e+03       |
|    ep_rew_mean          | 1.67e+03    |
| time/                   |             |
|    fps                  | 726         |
|    iterations           | 12          |
|    time_elapsed         | 541         |
|    total_timesteps      | 393216      |
| train/                  |             |
|    approx_kl            | 0.014034655 |
|    clip_fraction        | 0.194       |
|    clip_range           | 0.2         |
|    entropy_loss         | -35.5       |
|    explained_variance   | 0.728       |
|    learning_rate        | 0.0003      |
|    loss                 | -0.174      |
|    n_updates            | 110         |
|    policy_gradient_loss | -0.0296     |
|    std                  | 0.999       |
|    value_loss           | 0.0307      |
-----------------------------------------
[checkpoint] published=C:\Users\ziyad\GeckoBrain\models\s4_run2b_elbow008\checkpoints\step-400000 steps=400000
Eval num_timesteps=400000, episode_reward=2001.28 +/- 53.29
Episode length: 1000.00 +/- 0.00
-----------------------------------------
| eval/                   |             |
|    mean_ep_length       | 1e+03       |
|    mean_reward          | 2e+03       |
| time/                   |             |
|    total_timesteps      | 400000      |
| train/                  |             |
|    approx_kl            | 0.014904564 |
|    clip_fraction        | 0.197       |
|    clip_range           | 0.2         |
|    entropy_loss         | -35.4       |
|    explained_variance   | 0.762       |
|    learning_rate        | 0.0003      |
|    loss                 | -0.177      |
|    n_updates            | 120         |
|    policy_gradient_loss | -0.0306     |
|    std                  | 0.999       |
|    value_loss           | 0.0298      |
-----------------------------------------
New best mean reward!
---------------------------------
| rollout/           |          |
|    ep_len_mean     | 1e+03    |
|    ep_rew_mean     | 1.7e+03  |
| time/              |          |
|    fps             | 448      |
|    iterations      | 13       |
|    time_elapsed    | 949      |
|    total_timesteps | 425984   |
---------------------------------
-----------------------------------------
| rollout/                |             |
|    ep_len_mean          | 1e+03       |
|    ep_rew_mean          | 1.73e+03    |
| time/                   |             |
|    fps                  | 451         |
|    iterations           | 14          |
|    time_elapsed         | 1015        |
|    total_timesteps      | 458752      |
| train/                  |             |
|    approx_kl            | 0.014482545 |
|    clip_fraction        | 0.188       |
|    clip_range           | 0.2         |
|    entropy_loss         | -35.4       |
|    explained_variance   | 0.764       |
|    learning_rate        | 0.0003      |
|    loss                 | -0.174      |
|    n_updates            | 130         |
|    policy_gradient_loss | -0.0299     |
|    std                  | 0.998       |
|    value_loss           | 0.0274      |
-----------------------------------------
-----------------------------------------
| rollout/                |             |
|    ep_len_mean          | 1e+03       |
|    ep_rew_mean          | 1.76e+03    |
| time/                   |             |
|    fps                  | 467         |
|    iterations           | 15          |
|    time_elapsed         | 1050        |
|    total_timesteps      | 491520      |
| train/                  |             |
|    approx_kl            | 0.014388952 |
|    clip_fraction        | 0.188       |
|    clip_range           | 0.2         |
|    entropy_loss         | -35.4       |
|    explained_variance   | 0.753       |
|    learning_rate        | 0.0003      |
|    loss                 | -0.179      |
|    n_updates            | 140         |
|    policy_gradient_loss | -0.0295     |
|    std                  | 0.998       |
|    value_loss           | 0.0257      |
-----------------------------------------
[checkpoint] published=C:\Users\ziyad\GeckoBrain\models\s4_run2b_elbow008\checkpoints\step-500000 steps=500000
Eval num_timesteps=500000, episode_reward=2146.44 +/- 89.07
Episode length: 1000.00 +/- 0.00
-----------------------------------------
| eval/                   |             |
|    mean_ep_length       | 1e+03       |
|    mean_reward          | 2.15e+03    |
| time/                   |             |
|    total_timesteps      | 500000      |
| train/                  |             |
|    approx_kl            | 0.014271909 |
|    clip_fraction        | 0.198       |
|    clip_range           | 0.2         |
|    entropy_loss         | -35.4       |
|    explained_variance   | 0.771       |
|    learning_rate        | 0.0003      |
|    loss                 | -0.181      |
|    n_updates            | 150         |
|    policy_gradient_loss | -0.0316     |
|    std                  | 0.997       |
|    value_loss           | 0.0226      |
-----------------------------------------
New best mean reward!
---------------------------------
| rollout/           |          |
|    ep_len_mean     | 1e+03    |
|    ep_rew_mean     | 1.79e+03 |
| time/              |          |
|    fps             | 466      |
|    iterations      | 16       |
|    time_elapsed    | 1124     |
|    total_timesteps | 524288   |
---------------------------------
------------------------------------------
| rollout/                |              |
|    ep_len_mean          | 1e+03        |
|    ep_rew_mean          | 1.82e+03     |
| time/                   |              |
|    fps                  | 475          |
|    iterations           | 17           |
|    time_elapsed         | 1171         |
|    total_timesteps      | 557056       |
| train/                  |              |
|    approx_kl            | 0.0144271925 |
|    clip_fraction        | 0.195        |
|    clip_range           | 0.2          |
|    entropy_loss         | -35.4        |
|    explained_variance   | 0.785        |
|    learning_rate        | 0.0003       |
|    loss                 | -0.178       |
|    n_updates            | 160          |
|    policy_gradient_loss | -0.0304      |
|    std                  | 0.997        |
|    value_loss           | 0.022        |
------------------------------------------
-----------------------------------------
| rollout/                |             |
|    ep_len_mean          | 1e+03       |
|    ep_rew_mean          | 1.85e+03    |
| time/                   |             |
|    fps                  | 485         |
|    iterations           | 18          |
|    time_elapsed         | 1215        |
|    total_timesteps      | 589824      |
| train/                  |             |
|    approx_kl            | 0.014601532 |
|    clip_fraction        | 0.19        |
|    clip_range           | 0.2         |
|    entropy_loss         | -35.4       |
|    explained_variance   | 0.76        |
|    learning_rate        | 0.0003      |
|    loss                 | -0.175      |
|    n_updates            | 170         |
|    policy_gradient_loss | -0.0295     |
|    std                  | 0.997       |
|    value_loss           | 0.0216      |
-----------------------------------------
[checkpoint] published=C:\Users\ziyad\GeckoBrain\models\s4_run2b_elbow008\checkpoints\step-600000 steps=600000
Eval num_timesteps=600000, episode_reward=2159.65 +/- 34.35
Episode length: 1000.00 +/- 0.00
-----------------------------------------
| eval/                   |             |
|    mean_ep_length       | 1e+03       |
|    mean_reward          | 2.16e+03    |
| time/                   |             |
|    total_timesteps      | 600000      |
| train/                  |             |
|    approx_kl            | 0.014529988 |
|    clip_fraction        | 0.198       |
|    clip_range           | 0.2         |
|    entropy_loss         | -35.4       |
|    explained_variance   | 0.79        |
|    learning_rate        | 0.0003      |
|    loss                 | -0.176      |
|    n_updates            | 180         |
|    policy_gradient_loss | -0.0303     |
|    std                  | 0.996       |
|    value_loss           | 0.0212      |
-----------------------------------------
New best mean reward!
---------------------------------
| rollout/           |          |
|    ep_len_mean     | 1e+03    |
|    ep_rew_mean     | 1.88e+03 |
| time/              |          |
|    fps             | 482      |
|    iterations      | 19       |
|    time_elapsed    | 1289     |
|    total_timesteps | 622592   |
---------------------------------
-----------------------------------------
| rollout/                |             |
|    ep_len_mean          | 1e+03       |
|    ep_rew_mean          | 1.9e+03     |
| time/                   |             |
|    fps                  | 491         |
|    iterations           | 20          |
|    time_elapsed         | 1334        |
|    total_timesteps      | 655360      |
| train/                  |             |
|    approx_kl            | 0.014739143 |
|    clip_fraction        | 0.197       |
|    clip_range           | 0.2         |
|    entropy_loss         | -35.4       |
|    explained_variance   | 0.806       |
|    learning_rate        | 0.0003      |
|    loss                 | -0.181      |
|    n_updates            | 190         |
|    policy_gradient_loss | -0.031      |
|    std                  | 0.995       |
|    value_loss           | 0.0203      |
-----------------------------------------
-----------------------------------------
| rollout/                |             |
|    ep_len_mean          | 1e+03       |
|    ep_rew_mean          | 1.93e+03    |
| time/                   |             |
|    fps                  | 499         |
|    iterations           | 21          |
|    time_elapsed         | 1378        |
|    total_timesteps      | 688128      |
| train/                  |             |
|    approx_kl            | 0.014842004 |
|    clip_fraction        | 0.197       |
|    clip_range           | 0.2         |
|    entropy_loss         | -35.3       |
|    explained_variance   | 0.824       |
|    learning_rate        | 0.0003      |
|    loss                 | -0.18       |
|    n_updates            | 200         |
|    policy_gradient_loss | -0.0315     |
|    std                  | 0.995       |
|    value_loss           | 0.0183      |
-----------------------------------------
[checkpoint] published=C:\Users\ziyad\GeckoBrain\models\s4_run2b_elbow008\checkpoints\step-700000 steps=700000
Eval num_timesteps=700000, episode_reward=2261.33 +/- 111.02
Episode length: 1000.00 +/- 0.00
-----------------------------------------
| eval/                   |             |
|    mean_ep_length       | 1e+03       |
|    mean_reward          | 2.26e+03    |
| time/                   |             |
|    total_timesteps      | 700000      |
| train/                  |             |
|    approx_kl            | 0.014388569 |
|    clip_fraction        | 0.193       |
|    clip_range           | 0.2         |
|    entropy_loss         | -35.3       |
|    explained_variance   | 0.827       |
|    learning_rate        | 0.0003      |
|    loss                 | -0.182      |
|    n_updates            | 210         |
|    policy_gradient_loss | -0.0308     |
|    std                  | 0.994       |
|    value_loss           | 0.0184      |
-----------------------------------------
New best mean reward!
---------------------------------
| rollout/           |          |
|    ep_len_mean     | 1e+03    |
|    ep_rew_mean     | 1.96e+03 |
| time/              |          |
|    fps             | 496      |
|    iterations      | 22       |
|    time_elapsed    | 1452     |
|    total_timesteps | 720896   |
---------------------------------
-----------------------------------------
| rollout/                |             |
|    ep_len_mean          | 1e+03       |
|    ep_rew_mean          | 1.98e+03    |
| time/                   |             |
|    fps                  | 503         |
|    iterations           | 23          |
|    time_elapsed         | 1496        |
|    total_timesteps      | 753664      |
| train/                  |             |
|    approx_kl            | 0.014697832 |
|    clip_fraction        | 0.202       |
|    clip_range           | 0.2         |
|    entropy_loss         | -35.3       |
|    explained_variance   | 0.827       |
|    learning_rate        | 0.0003      |
|    loss                 | -0.179      |
|    n_updates            | 220         |
|    policy_gradient_loss | -0.0316     |
|    std                  | 0.993       |
|    value_loss           | 0.0185      |
-----------------------------------------
-----------------------------------------
| rollout/                |             |
|    ep_len_mean          | 1e+03       |
|    ep_rew_mean          | 2.01e+03    |
| time/                   |             |
|    fps                  | 509         |
|    iterations           | 24          |
|    time_elapsed         | 1542        |
|    total_timesteps      | 786432      |
| train/                  |             |
|    approx_kl            | 0.014998695 |
|    clip_fraction        | 0.2         |
|    clip_range           | 0.2         |
|    entropy_loss         | -35.3       |
|    explained_variance   | 0.835       |
|    learning_rate        | 0.0003      |
|    loss                 | -0.178      |
|    n_updates            | 230         |
|    policy_gradient_loss | -0.0312     |
|    std                  | 0.992       |
|    value_loss           | 0.0168      |
-----------------------------------------
[checkpoint] published=C:\Users\ziyad\GeckoBrain\models\s4_run2b_elbow008\checkpoints\step-800000 steps=800000
Eval num_timesteps=800000, episode_reward=2240.83 +/- 137.93
Episode length: 1000.00 +/- 0.00
-----------------------------------------
| eval/                   |             |
|    mean_ep_length       | 1e+03       |
|    mean_reward          | 2.24e+03    |
| time/                   |             |
|    total_timesteps      | 800000      |
| train/                  |             |
|    approx_kl            | 0.015126364 |
|    clip_fraction        | 0.204       |
|    clip_range           | 0.2         |
|    entropy_loss         | -35.3       |
|    explained_variance   | 0.823       |
|    learning_rate        | 0.0003      |
|    loss                 | -0.18       |
|    n_updates            | 240         |
|    policy_gradient_loss | -0.031      |
|    std                  | 0.993       |
|    value_loss           | 0.0178      |
-----------------------------------------
---------------------------------
| rollout/           |          |
|    ep_len_mean     | 1e+03    |
|    ep_rew_mean     | 2.03e+03 |
| time/              |          |
|    fps             | 506      |
|    iterations      | 25       |
|    time_elapsed    | 1618     |
|    total_timesteps | 819200   |
---------------------------------
-----------------------------------------
| rollout/                |             |
|    ep_len_mean          | 1e+03       |
|    ep_rew_mean          | 2.06e+03    |
| time/                   |             |
|    fps                  | 512         |
|    iterations           | 26          |
|    time_elapsed         | 1662        |
|    total_timesteps      | 851968      |
| train/                  |             |
|    approx_kl            | 0.014251476 |
|    clip_fraction        | 0.194       |
|    clip_range           | 0.2         |
|    entropy_loss         | -35.3       |
|    explained_variance   | 0.806       |
|    learning_rate        | 0.0003      |
|    loss                 | -0.181      |
|    n_updates            | 250         |
|    policy_gradient_loss | -0.0306     |
|    std                  | 0.993       |
|    value_loss           | 0.0164      |
-----------------------------------------
------------------------------------------
| rollout/                |              |
|    ep_len_mean          | 1e+03        |
|    ep_rew_mean          | 2.08e+03     |
| time/                   |              |
|    fps                  | 517          |
|    iterations           | 27           |
|    time_elapsed         | 1709         |
|    total_timesteps      | 884736       |
| train/                  |              |
|    approx_kl            | 0.0154718235 |
|    clip_fraction        | 0.2          |
|    clip_range           | 0.2          |
|    entropy_loss         | -35.3        |
|    explained_variance   | 0.807        |
|    learning_rate        | 0.0003       |
|    loss                 | -0.181       |
|    n_updates            | 260          |
|    policy_gradient_loss | -0.0311      |
|    std                  | 0.993        |
|    value_loss           | 0.0166       |
------------------------------------------
[checkpoint] published=C:\Users\ziyad\GeckoBrain\models\s4_run2b_elbow008\checkpoints\step-900000 steps=900000
Eval num_timesteps=900000, episode_reward=2437.98 +/- 83.76
Episode length: 1000.00 +/- 0.00
-----------------------------------------
| eval/                   |             |
|    mean_ep_length       | 1e+03       |
|    mean_reward          | 2.44e+03    |
| time/                   |             |
|    total_timesteps      | 900000      |
| train/                  |             |
|    approx_kl            | 0.015893072 |
|    clip_fraction        | 0.207       |
|    clip_range           | 0.2         |
|    entropy_loss         | -35.3       |
|    explained_variance   | 0.851       |
|    learning_rate        | 0.0003      |
|    loss                 | -0.185      |
|    n_updates            | 270         |
|    policy_gradient_loss | -0.0315     |
|    std                  | 0.993       |
|    value_loss           | 0.0154      |
-----------------------------------------
New best mean reward!
---------------------------------
| rollout/           |          |
|    ep_len_mean     | 1e+03    |
|    ep_rew_mean     | 2.09e+03 |
| time/              |          |
|    fps             | 513      |
|    iterations      | 28       |
|    time_elapsed    | 1785     |
|    total_timesteps | 917504   |
---------------------------------
-----------------------------------------
| rollout/                |             |
|    ep_len_mean          | 1e+03       |
|    ep_rew_mean          | 2.1e+03     |
| time/                   |             |
|    fps                  | 519         |
|    iterations           | 29          |
|    time_elapsed         | 1829        |
|    total_timesteps      | 950272      |
| train/                  |             |
|    approx_kl            | 0.014797406 |
|    clip_fraction        | 0.196       |
|    clip_range           | 0.2         |
|    entropy_loss         | -35.3       |
|    explained_variance   | 0.845       |
|    learning_rate        | 0.0003      |
|    loss                 | -0.185      |
|    n_updates            | 280         |
|    policy_gradient_loss | -0.0314     |
|    std                  | 0.992       |
|    value_loss           | 0.0165      |
-----------------------------------------
-----------------------------------------
| rollout/                |             |
|    ep_len_mean          | 1e+03       |
|    ep_rew_mean          | 2.11e+03    |
| time/                   |             |
|    fps                  | 522         |
|    iterations           | 30          |
|    time_elapsed         | 1880        |
|    total_timesteps      | 983040      |
| train/                  |             |
|    approx_kl            | 0.015667655 |
|    clip_fraction        | 0.215       |
|    clip_range           | 0.2         |
|    entropy_loss         | -35.3       |
|    explained_variance   | 0.841       |
|    learning_rate        | 0.0003      |
|    loss                 | -0.186      |
|    n_updates            | 290         |
|    policy_gradient_loss | -0.0327     |
|    std                  | 0.993       |
|    value_loss           | 0.015       |
-----------------------------------------
[checkpoint] published=C:\Users\ziyad\GeckoBrain\models\s4_run2b_elbow008\checkpoints\step-1000000 steps=1000000
Eval num_timesteps=1000000, episode_reward=2469.51 +/- 150.52
Episode length: 1000.00 +/- 0.00
-----------------------------------------
| eval/                   |             |
|    mean_ep_length       | 1e+03       |
|    mean_reward          | 2.47e+03    |
| time/                   |             |
|    total_timesteps      | 1000000     |
| train/                  |             |
|    approx_kl            | 0.014991807 |
|    clip_fraction        | 0.201       |
|    clip_range           | 0.2         |
|    entropy_loss         | -35.3       |
|    explained_variance   | 0.841       |
|    learning_rate        | 0.0003      |
|    loss                 | -0.185      |
|    n_updates            | 300         |
|    policy_gradient_loss | -0.0315     |
|    std                  | 0.993       |
|    value_loss           | 0.014       |
-----------------------------------------
New best mean reward!
---------------------------------
| rollout/           |          |
|    ep_len_mean     | 1e+03    |
|    ep_rew_mean     | 2.14e+03 |
| time/              |          |
|    fps             | 519      |
|    iterations      | 31       |
|    time_elapsed    | 1956     |
|    total_timesteps | 1015808  |
---------------------------------
-----------------------------------------
| rollout/                |             |
|    ep_len_mean          | 1e+03       |
|    ep_rew_mean          | 2.15e+03    |
| time/                   |             |
|    fps                  | 520         |
|    iterations           | 32          |
|    time_elapsed         | 2015        |
|    total_timesteps      | 1048576     |
| train/                  |             |
|    approx_kl            | 0.015509592 |
|    clip_fraction        | 0.202       |
|    clip_range           | 0.2         |
|    entropy_loss         | -35.3       |
|    explained_variance   | 0.829       |
|    learning_rate        | 0.0003      |
|    loss                 | -0.184      |
|    n_updates            | 310         |
|    policy_gradient_loss | -0.0321     |
|    std                  | 0.992       |
|    value_loss           | 0.0153      |
-----------------------------------------
-----------------------------------------
| rollout/                |             |
|    ep_len_mean          | 1e+03       |
|    ep_rew_mean          | 2.17e+03    |
| time/                   |             |
|    fps                  | 521         |
|    iterations           | 33          |
|    time_elapsed         | 2074        |
|    total_timesteps      | 1081344     |
| train/                  |             |
|    approx_kl            | 0.015764784 |
|    clip_fraction        | 0.209       |
|    clip_range           | 0.2         |
|    entropy_loss         | -35.3       |
|    explained_variance   | 0.852       |
|    learning_rate        | 0.0003      |
|    loss                 | -0.181      |
|    n_updates            | 320         |
|    policy_gradient_loss | -0.0316     |
|    std                  | 0.991       |
|    value_loss           | 0.0145      |
-----------------------------------------
[checkpoint] published=C:\Users\ziyad\GeckoBrain\models\s4_run2b_elbow008\checkpoints\step-1100000 steps=1100000
Eval num_timesteps=1100000, episode_reward=2421.74 +/- 104.45
Episode length: 1000.00 +/- 0.00
-----------------------------------------
| eval/                   |             |
|    mean_ep_length       | 1e+03       |
|    mean_reward          | 2.42e+03    |
| time/                   |             |
|    total_timesteps      | 1100000     |
| train/                  |             |
|    approx_kl            | 0.015616853 |
|    clip_fraction        | 0.208       |
|    clip_range           | 0.2         |
|    entropy_loss         | -35.2       |
|    explained_variance   | 0.853       |
|    learning_rate        | 0.0003      |
|    loss                 | -0.185      |
|    n_updates            | 330         |
|    policy_gradient_loss | -0.0322     |
|    std                  | 0.99        |
|    value_loss           | 0.0141      |
-----------------------------------------
---------------------------------
| rollout/           |          |
|    ep_len_mean     | 1e+03    |
|    ep_rew_mean     | 2.18e+03 |
| time/              |          |
|    fps             | 519      |
|    iterations      | 34       |
|    time_elapsed    | 2146     |
|    total_timesteps | 1114112  |
---------------------------------
----------------------------------------
| rollout/                |            |
|    ep_len_mean          | 1e+03      |
|    ep_rew_mean          | 2.19e+03   |
| time/                   |            |
|    fps                  | 523        |
|    iterations           | 35         |
|    time_elapsed         | 2190       |
|    total_timesteps      | 1146880    |
| train/                  |            |
|    approx_kl            | 0.01649969 |
|    clip_fraction        | 0.214      |
|    clip_range           | 0.2        |
|    entropy_loss         | -35.2      |
|    explained_variance   | 0.863      |
|    learning_rate        | 0.0003     |
|    loss                 | -0.189     |
|    n_updates            | 340        |
|    policy_gradient_loss | -0.0324    |
|    std                  | 0.991      |
|    value_loss           | 0.0127     |
----------------------------------------
-----------------------------------------
| rollout/                |             |
|    ep_len_mean          | 1e+03       |
|    ep_rew_mean          | 2.2e+03     |
| time/                   |             |
|    fps                  | 527         |
|    iterations           | 36          |
|    time_elapsed         | 2236        |
|    total_timesteps      | 1179648     |
| train/                  |             |
|    approx_kl            | 0.015699295 |
|    clip_fraction        | 0.206       |
|    clip_range           | 0.2         |
|    entropy_loss         | -35.2       |
|    explained_variance   | 0.843       |
|    learning_rate        | 0.0003      |
|    loss                 | -0.186      |
|    n_updates            | 350         |
|    policy_gradient_loss | -0.0322     |
|    std                  | 0.991       |
|    value_loss           | 0.0139      |
-----------------------------------------
[checkpoint] published=C:\Users\ziyad\GeckoBrain\models\s4_run2b_elbow008\checkpoints\step-1200000 steps=1200000
Eval num_timesteps=1200000, episode_reward=2521.39 +/- 54.37
Episode length: 1000.00 +/- 0.00
-----------------------------------------
| eval/                   |             |
|    mean_ep_length       | 1e+03       |
|    mean_reward          | 2.52e+03    |
| time/                   |             |
|    total_timesteps      | 1200000     |
| train/                  |             |
|    approx_kl            | 0.016225222 |
|    clip_fraction        | 0.21        |
|    clip_range           | 0.2         |
|    entropy_loss         | -35.2       |
|    explained_variance   | 0.863       |
|    learning_rate        | 0.0003      |
|    loss                 | -0.185      |
|    n_updates            | 360         |
|    policy_gradient_loss | -0.0325     |
|    std                  | 0.99        |
|    value_loss           | 0.0139      |
-----------------------------------------
New best mean reward!
---------------------------------
| rollout/           |          |
|    ep_len_mean     | 1e+03    |
|    ep_rew_mean     | 2.21e+03 |
| time/              |          |
|    fps             | 525      |
|    iterations      | 37       |
|    time_elapsed    | 2307     |
|    total_timesteps | 1212416  |
---------------------------------
-----------------------------------------
| rollout/                |             |
|    ep_len_mean          | 1e+03       |
|    ep_rew_mean          | 2.22e+03    |
| time/                   |             |
|    fps                  | 529         |
|    iterations           | 38          |
|    time_elapsed         | 2350        |
|    total_timesteps      | 1245184     |
| train/                  |             |
|    approx_kl            | 0.016175922 |
|    clip_fraction        | 0.209       |
|    clip_range           | 0.2         |
|    entropy_loss         | -35.2       |
|    explained_variance   | 0.867       |
|    learning_rate        | 0.0003      |
|    loss                 | -0.184      |
|    n_updates            | 370         |
|    policy_gradient_loss | -0.0328     |
|    std                  | 0.99        |
|    value_loss           | 0.0138      |
-----------------------------------------
--------------------------------------
| rollout/                |          |
|    ep_len_mean          | 1e+03    |
|    ep_rew_mean          | 2.24e+03 |
| time/                   |          |
|    fps                  | 533      |
|    iterations           | 39       |
|    time_elapsed         | 2393     |
|    total_timesteps      | 1277952  |
| train/                  |          |
|    approx_kl            | 0.016686 |
|    clip_fraction        | 0.216    |
|    clip_range           | 0.2      |
|    entropy_loss         | -35.2    |
|    explained_variance   | 0.857    |
|    learning_rate        | 0.0003   |
|    loss                 | -0.185   |
|    n_updates            | 380      |
|    policy_gradient_loss | -0.0327  |
|    std                  | 0.989    |
|    value_loss           | 0.0144   |
--------------------------------------
[checkpoint] published=C:\Users\ziyad\GeckoBrain\models\s4_run2b_elbow008\checkpoints\step-1300000 steps=1300000
Eval num_timesteps=1300000, episode_reward=2668.96 +/- 85.00
Episode length: 1000.00 +/- 0.00
-----------------------------------------
| eval/                   |             |
|    mean_ep_length       | 1e+03       |
|    mean_reward          | 2.67e+03    |
| time/                   |             |
|    total_timesteps      | 1300000     |
| train/                  |             |
|    approx_kl            | 0.016997088 |
|    clip_fraction        | 0.215       |
|    clip_range           | 0.2         |
|    entropy_loss         | -35.2       |
|    explained_variance   | 0.849       |
|    learning_rate        | 0.0003      |
|    loss                 | -0.186      |
|    n_updates            | 390         |
|    policy_gradient_loss | -0.0327     |
|    std                  | 0.989       |
|    value_loss           | 0.014       |
-----------------------------------------
New best mean reward!
---------------------------------
| rollout/           |          |
|    ep_len_mean     | 1e+03    |
|    ep_rew_mean     | 2.27e+03 |
| time/              |          |
|    fps             | 531      |
|    iterations      | 40       |
|    time_elapsed    | 2463     |
|    total_timesteps | 1310720  |
---------------------------------
-----------------------------------------
| rollout/                |             |
|    ep_len_mean          | 1e+03       |
|    ep_rew_mean          | 2.29e+03    |
| time/                   |             |
|    fps                  | 535         |
|    iterations           | 41          |
|    time_elapsed         | 2507        |
|    total_timesteps      | 1343488     |
| train/                  |             |
|    approx_kl            | 0.016956564 |
|    clip_fraction        | 0.218       |
|    clip_range           | 0.2         |
|    entropy_loss         | -35.2       |
|    explained_variance   | 0.854       |
|    learning_rate        | 0.0003      |
|    loss                 | -0.185      |
|    n_updates            | 400         |
|    policy_gradient_loss | -0.0325     |
|    std                  | 0.989       |
|    value_loss           | 0.014       |
-----------------------------------------
-----------------------------------------
| rollout/                |             |
|    ep_len_mean          | 1e+03       |
|    ep_rew_mean          | 2.32e+03    |
| time/                   |             |
|    fps                  | 539         |
|    iterations           | 42          |
|    time_elapsed         | 2550        |
|    total_timesteps      | 1376256     |
| train/                  |             |
|    approx_kl            | 0.016240377 |
|    clip_fraction        | 0.217       |
|    clip_range           | 0.2         |
|    entropy_loss         | -35.2       |
|    explained_variance   | 0.856       |
|    learning_rate        | 0.0003      |
|    loss                 | -0.184      |
|    n_updates            | 410         |
|    policy_gradient_loss | -0.0329     |
|    std                  | 0.988       |
|    value_loss           | 0.0142      |
-----------------------------------------
[checkpoint] published=C:\Users\ziyad\GeckoBrain\models\s4_run2b_elbow008\checkpoints\step-1400000 steps=1400000
Eval num_timesteps=1400000, episode_reward=2609.45 +/- 77.05
Episode length: 1000.00 +/- 0.00
----------------------------------------
| eval/                   |            |
|    mean_ep_length       | 1e+03      |
|    mean_reward          | 2.61e+03   |
| time/                   |            |
|    total_timesteps      | 1400000    |
| train/                  |            |
|    approx_kl            | 0.01636987 |
|    clip_fraction        | 0.222      |
|    clip_range           | 0.2        |
|    entropy_loss         | -35.1      |
|    explained_variance   | 0.856      |
|    learning_rate        | 0.0003     |
|    loss                 | -0.186     |
|    n_updates            | 420        |
|    policy_gradient_loss | -0.0332    |
|    std                  | 0.987      |
|    value_loss           | 0.013      |
----------------------------------------
---------------------------------
| rollout/           |          |
|    ep_len_mean     | 1e+03    |
|    ep_rew_mean     | 2.31e+03 |
| time/              |          |
|    fps             | 537      |
|    iterations      | 43       |
|    time_elapsed    | 2621     |
|    total_timesteps | 1409024  |
---------------------------------
-----------------------------------------
| rollout/                |             |
|    ep_len_mean          | 1e+03       |
|    ep_rew_mean          | 2.33e+03    |
| time/                   |             |
|    fps                  | 541         |
|    iterations           | 44          |
|    time_elapsed         | 2664        |
|    total_timesteps      | 1441792     |
| train/                  |             |
|    approx_kl            | 0.015935302 |
|    clip_fraction        | 0.214       |
|    clip_range           | 0.2         |
|    entropy_loss         | -35.1       |
|    explained_variance   | 0.881       |
|    learning_rate        | 0.0003      |
|    loss                 | -0.186      |
|    n_updates            | 430         |
|    policy_gradient_loss | -0.0329     |
|    std                  | 0.987       |
|    value_loss           | 0.0133      |
-----------------------------------------
-----------------------------------------
| rollout/                |             |
|    ep_len_mean          | 1e+03       |
|    ep_rew_mean          | 2.33e+03    |
| time/                   |             |
|    fps                  | 544         |
|    iterations           | 45          |
|    time_elapsed         | 2708        |
|    total_timesteps      | 1474560     |
| train/                  |             |
|    approx_kl            | 0.016371176 |
|    clip_fraction        | 0.208       |
|    clip_range           | 0.2         |
|    entropy_loss         | -35.1       |
|    explained_variance   | 0.855       |
|    learning_rate        | 0.0003      |
|    loss                 | -0.184      |
|    n_updates            | 440         |
|    policy_gradient_loss | -0.0324     |
|    std                  | 0.986       |
|    value_loss           | 0.0136      |
-----------------------------------------
[checkpoint] published=C:\Users\ziyad\GeckoBrain\models\s4_run2b_elbow008\checkpoints\step-1500000 steps=1500000
Eval num_timesteps=1500000, episode_reward=2655.16 +/- 77.40
Episode length: 1000.00 +/- 0.00
-----------------------------------------
| eval/                   |             |
|    mean_ep_length       | 1e+03       |
|    mean_reward          | 2.66e+03    |
| time/                   |             |
|    total_timesteps      | 1500000     |
| train/                  |             |
|    approx_kl            | 0.016085736 |
|    clip_fraction        | 0.218       |
|    clip_range           | 0.2         |
|    entropy_loss         | -35.1       |
|    explained_variance   | 0.874       |
|    learning_rate        | 0.0003      |
|    loss                 | -0.187      |
|    n_updates            | 450         |
|    policy_gradient_loss | -0.0333     |
|    std                  | 0.986       |
|    value_loss           | 0.0118      |
-----------------------------------------
---------------------------------
| rollout/           |          |
|    ep_len_mean     | 1e+03    |
|    ep_rew_mean     | 2.36e+03 |
| time/              |          |
|    fps             | 542      |
|    iterations      | 46       |
|    time_elapsed    | 2779     |
|    total_timesteps | 1507328  |
---------------------------------
-----------------------------------------
| rollout/                |             |
|    ep_len_mean          | 1e+03       |
|    ep_rew_mean          | 2.37e+03    |
| time/                   |             |
|    fps                  | 545         |
|    iterations           | 47          |
|    time_elapsed         | 2822        |
|    total_timesteps      | 1540096     |
| train/                  |             |
|    approx_kl            | 0.016475486 |
|    clip_fraction        | 0.207       |
|    clip_range           | 0.2         |
|    entropy_loss         | -35.1       |
|    explained_variance   | 0.859       |
|    learning_rate        | 0.0003      |
|    loss                 | -0.188      |
|    n_updates            | 460         |
|    policy_gradient_loss | -0.0328     |
|    std                  | 0.986       |
|    value_loss           | 0.0129      |
-----------------------------------------
----------------------------------------
| rollout/                |            |
|    ep_len_mean          | 1e+03      |
|    ep_rew_mean          | 2.38e+03   |
| time/                   |            |
|    fps                  | 548        |
|    iterations           | 48         |
|    time_elapsed         | 2867       |
|    total_timesteps      | 1572864    |
| train/                  |            |
|    approx_kl            | 0.01612423 |
|    clip_fraction        | 0.21       |
|    clip_range           | 0.2        |
|    entropy_loss         | -35.1      |
|    explained_variance   | 0.876      |
|    learning_rate        | 0.0003     |
|    loss                 | -0.185     |
|    n_updates            | 470        |
|    policy_gradient_loss | -0.0325    |
|    std                  | 0.986      |
|    value_loss           | 0.0116     |
----------------------------------------
[checkpoint] published=C:\Users\ziyad\GeckoBrain\models\s4_run2b_elbow008\checkpoints\step-1600000 steps=1600000
Eval num_timesteps=1600000, episode_reward=2712.42 +/- 110.31
Episode length: 1000.00 +/- 0.00
-----------------------------------------
| eval/                   |             |
|    mean_ep_length       | 1e+03       |
|    mean_reward          | 2.71e+03    |
| time/                   |             |
|    total_timesteps      | 1600000     |
| train/                  |             |
|    approx_kl            | 0.017123464 |
|    clip_fraction        | 0.219       |
|    clip_range           | 0.2         |
|    entropy_loss         | -35.1       |
|    explained_variance   | 0.881       |
|    learning_rate        | 0.0003      |
|    loss                 | -0.188      |
|    n_updates            | 480         |
|    policy_gradient_loss | -0.0333     |
|    std                  | 0.986       |
|    value_loss           | 0.0119      |
-----------------------------------------
New best mean reward!
---------------------------------
| rollout/           |          |
|    ep_len_mean     | 1e+03    |
|    ep_rew_mean     | 2.41e+03 |
| time/              |          |
|    fps             | 545      |
|    iterations      | 49       |
|    time_elapsed    | 2940     |
|    total_timesteps | 1605632  |
---------------------------------
-----------------------------------------
| rollout/                |             |
|    ep_len_mean          | 1e+03       |
|    ep_rew_mean          | 2.41e+03    |
| time/                   |             |
|    fps                  | 549         |
|    iterations           | 50          |
|    time_elapsed         | 2983        |
|    total_timesteps      | 1638400     |
| train/                  |             |
|    approx_kl            | 0.017329045 |
|    clip_fraction        | 0.229       |
|    clip_range           | 0.2         |
|    entropy_loss         | -35.1       |
|    explained_variance   | 0.859       |
|    learning_rate        | 0.0003      |
|    loss                 | -0.186      |
|    n_updates            | 490         |
|    policy_gradient_loss | -0.0337     |
|    std                  | 0.985       |
|    value_loss           | 0.013       |
-----------------------------------------
-----------------------------------------
| rollout/                |             |
|    ep_len_mean          | 1e+03       |
|    ep_rew_mean          | 2.43e+03    |
| time/                   |             |
|    fps                  | 553         |
|    iterations           | 51          |
|    time_elapsed         | 3019        |
|    total_timesteps      | 1671168     |
| train/                  |             |
|    approx_kl            | 0.017071728 |
|    clip_fraction        | 0.221       |
|    clip_range           | 0.2         |
|    entropy_loss         | -35.1       |
|    explained_variance   | 0.878       |
|    learning_rate        | 0.0003      |
|    loss                 | -0.187      |
|    n_updates            | 500         |
|    policy_gradient_loss | -0.033      |
|    std                  | 0.985       |
|    value_loss           | 0.0119      |
-----------------------------------------
[checkpoint] published=C:\Users\ziyad\GeckoBrain\models\s4_run2b_elbow008\checkpoints\step-1700000 steps=1700000
Eval num_timesteps=1700000, episode_reward=2836.72 +/- 100.62
Episode length: 1000.00 +/- 0.00
-----------------------------------------
| eval/                   |             |
|    mean_ep_length       | 1e+03       |
|    mean_reward          | 2.84e+03    |
| time/                   |             |
|    total_timesteps      | 1700000     |
| train/                  |             |
|    approx_kl            | 0.016666608 |
|    clip_fraction        | 0.222       |
|    clip_range           | 0.2         |
|    entropy_loss         | -35.1       |
|    explained_variance   | 0.87        |
|    learning_rate        | 0.0003      |
|    loss                 | -0.186      |
|    n_updates            | 510         |
|    policy_gradient_loss | -0.0323     |
|    std                  | 0.985       |
|    value_loss           | 0.0124      |
-----------------------------------------
New best mean reward!
---------------------------------
| rollout/           |          |
|    ep_len_mean     | 1e+03    |
|    ep_rew_mean     | 2.45e+03 |
| time/              |          |
|    fps             | 552      |
|    iterations      | 52       |
|    time_elapsed    | 3086     |
|    total_timesteps | 1703936  |
---------------------------------
----------------------------------------
| rollout/                |            |
|    ep_len_mean          | 1e+03      |
|    ep_rew_mean          | 2.46e+03   |
| time/                   |            |
|    fps                  | 556        |
|    iterations           | 53         |
|    time_elapsed         | 3123       |
|    total_timesteps      | 1736704    |
| train/                  |            |
|    approx_kl            | 0.01781828 |
|    clip_fraction        | 0.227      |
|    clip_range           | 0.2        |
|    entropy_loss         | -35.1      |
|    explained_variance   | 0.869      |
|    learning_rate        | 0.0003     |
|    loss                 | -0.19      |
|    n_updates            | 520        |
|    policy_gradient_loss | -0.0331    |
|    std                  | 0.985      |
|    value_loss           | 0.0126     |
----------------------------------------
-----------------------------------------
| rollout/                |             |
|    ep_len_mean          | 1e+03       |
|    ep_rew_mean          | 2.48e+03    |
| time/                   |             |
|    fps                  | 559         |
|    iterations           | 54          |
|    time_elapsed         | 3161        |
|    total_timesteps      | 1769472     |
| train/                  |             |
|    approx_kl            | 0.017589781 |
|    clip_fraction        | 0.223       |
|    clip_range           | 0.2         |
|    entropy_loss         | -35.1       |
|    explained_variance   | 0.872       |
|    learning_rate        | 0.0003      |
|    loss                 | -0.187      |
|    n_updates            | 530         |
|    policy_gradient_loss | -0.0338     |
|    std                  | 0.985       |
|    value_loss           | 0.0117      |
-----------------------------------------
[checkpoint] published=C:\Users\ziyad\GeckoBrain\models\s4_run2b_elbow008\checkpoints\step-1800000 steps=1800000
Eval num_timesteps=1800000, episode_reward=2910.59 +/- 128.91
Episode length: 1000.00 +/- 0.00
-----------------------------------------
| eval/                   |             |
|    mean_ep_length       | 1e+03       |
|    mean_reward          | 2.91e+03    |
| time/                   |             |
|    total_timesteps      | 1800000     |
| train/                  |             |
|    approx_kl            | 0.017761003 |
|    clip_fraction        | 0.227       |
|    clip_range           | 0.2         |
|    entropy_loss         | -35         |
|    explained_variance   | 0.879       |
|    learning_rate        | 0.0003      |
|    loss                 | -0.186      |
|    n_updates            | 540         |
|    policy_gradient_loss | -0.0337     |
|    std                  | 0.985       |
|    value_loss           | 0.0126      |
-----------------------------------------
New best mean reward!
---------------------------------
| rollout/           |          |
|    ep_len_mean     | 1e+03    |
|    ep_rew_mean     | 2.49e+03 |
| time/              |          |
|    fps             | 558      |
|    iterations      | 55       |
|    time_elapsed    | 3224     |
|    total_timesteps | 1802240  |
---------------------------------
-----------------------------------------
| rollout/                |             |
|    ep_len_mean          | 1e+03       |
|    ep_rew_mean          | 2.5e+03     |
| time/                   |             |
|    fps                  | 562         |
|    iterations           | 56          |
|    time_elapsed         | 3260        |
|    total_timesteps      | 1835008     |
| train/                  |             |
|    approx_kl            | 0.017279666 |
|    clip_fraction        | 0.231       |
|    clip_range           | 0.2         |
|    entropy_loss         | -35         |
|    explained_variance   | 0.866       |
|    learning_rate        | 0.0003      |
|    loss                 | -0.184      |
|    n_updates            | 550         |
|    policy_gradient_loss | -0.033      |
|    std                  | 0.985       |
|    value_loss           | 0.0128      |
-----------------------------------------
-----------------------------------------
| rollout/                |             |
|    ep_len_mean          | 1e+03       |
|    ep_rew_mean          | 2.51e+03    |
| time/                   |             |
|    fps                  | 566         |
|    iterations           | 57          |
|    time_elapsed         | 3296        |
|    total_timesteps      | 1867776     |
| train/                  |             |
|    approx_kl            | 0.018337438 |
|    clip_fraction        | 0.231       |
|    clip_range           | 0.2         |
|    entropy_loss         | -35         |
|    explained_variance   | 0.885       |
|    learning_rate        | 0.0003      |
|    loss                 | -0.188      |
|    n_updates            | 560         |
|    policy_gradient_loss | -0.034      |
|    std                  | 0.985       |
|    value_loss           | 0.0115      |
-----------------------------------------
[checkpoint] published=C:\Users\ziyad\GeckoBrain\models\s4_run2b_elbow008\checkpoints\step-1900000 steps=1900000
Eval num_timesteps=1900000, episode_reward=2839.94 +/- 56.24
Episode length: 1000.00 +/- 0.00
-----------------------------------------
| eval/                   |             |
|    mean_ep_length       | 1e+03       |
|    mean_reward          | 2.84e+03    |
| time/                   |             |
|    total_timesteps      | 1900000     |
| train/                  |             |
|    approx_kl            | 0.017449357 |
|    clip_fraction        | 0.223       |
|    clip_range           | 0.2         |
|    entropy_loss         | -35         |
|    explained_variance   | 0.896       |
|    learning_rate        | 0.0003      |
|    loss                 | -0.19       |
|    n_updates            | 570         |
|    policy_gradient_loss | -0.0343     |
|    std                  | 0.984       |
|    value_loss           | 0.0107      |
-----------------------------------------
---------------------------------
| rollout/           |          |
|    ep_len_mean     | 1e+03    |
|    ep_rew_mean     | 2.51e+03 |
| time/              |          |
|    fps             | 565      |
|    iterations      | 58       |
|    time_elapsed    | 3358     |
|    total_timesteps | 1900544  |
---------------------------------
-----------------------------------------
| rollout/                |             |
|    ep_len_mean          | 1e+03       |
|    ep_rew_mean          | 2.53e+03    |
| time/                   |             |
|    fps                  | 569         |
|    iterations           | 59          |
|    time_elapsed         | 3394        |
|    total_timesteps      | 1933312     |
| train/                  |             |
|    approx_kl            | 0.018013172 |
|    clip_fraction        | 0.226       |
|    clip_range           | 0.2         |
|    entropy_loss         | -35         |
|    explained_variance   | 0.875       |
|    learning_rate        | 0.0003      |
|    loss                 | -0.185      |
|    n_updates            | 580         |
|    policy_gradient_loss | -0.0331     |
|    std                  | 0.985       |
|    value_loss           | 0.0126      |
-----------------------------------------
-----------------------------------------
| rollout/                |             |
|    ep_len_mean          | 1e+03       |
|    ep_rew_mean          | 2.55e+03    |
| time/                   |             |
|    fps                  | 573         |
|    iterations           | 60          |
|    time_elapsed         | 3431        |
|    total_timesteps      | 1966080     |
| train/                  |             |
|    approx_kl            | 0.017513305 |
|    clip_fraction        | 0.228       |
|    clip_range           | 0.2         |
|    entropy_loss         | -35         |
|    explained_variance   | 0.865       |
|    learning_rate        | 0.0003      |
|    loss                 | -0.188      |
|    n_updates            | 590         |
|    policy_gradient_loss | -0.0338     |
|    std                  | 0.984       |
|    value_loss           | 0.0123      |
-----------------------------------------
-----------------------------------------
| rollout/                |             |
|    ep_len_mean          | 1e+03       |
|    ep_rew_mean          | 2.56e+03    |
| time/                   |             |
|    fps                  | 576         |
|    iterations           | 61          |
|    time_elapsed         | 3467        |
|    total_timesteps      | 1998848     |
| train/                  |             |
|    approx_kl            | 0.018056206 |
|    clip_fraction        | 0.234       |
|    clip_range           | 0.2         |
|    entropy_loss         | -35         |
|    explained_variance   | 0.872       |
|    learning_rate        | 0.0003      |
|    loss                 | -0.188      |
|    n_updates            | 600         |
|    policy_gradient_loss | -0.0336     |
|    std                  | 0.983       |
|    value_loss           | 0.0121      |
-----------------------------------------
[checkpoint] published=C:\Users\ziyad\GeckoBrain\models\s4_run2b_elbow008\checkpoints\step-2000000 steps=2000000
Eval num_timesteps=2000000, episode_reward=2914.92 +/- 89.59
Episode length: 1000.00 +/- 0.00
-----------------------------------------
| eval/                   |             |
|    mean_ep_length       | 1e+03       |
|    mean_reward          | 2.91e+03    |
| time/                   |             |
|    total_timesteps      | 2000000     |
| train/                  |             |
|    approx_kl            | 0.018128078 |
|    clip_fraction        | 0.23        |
|    clip_range           | 0.2         |
|    entropy_loss         | -35         |
|    explained_variance   | 0.864       |
|    learning_rate        | 0.0003      |
|    loss                 | -0.188      |
|    n_updates            | 610         |
|    policy_gradient_loss | -0.0335     |
|    std                  | 0.983       |
|    value_loss           | 0.0116      |
-----------------------------------------
New best mean reward!
---------------------------------
| rollout/           |          |
|    ep_len_mean     | 1e+03    |
|    ep_rew_mean     | 2.58e+03 |
| time/              |          |
|    fps             | 576      |
|    iterations      | 62       |
|    time_elapsed    | 3524     |
|    total_timesteps | 2031616  |
---------------------------------
-----------------------------------------
| rollout/                |             |
|    ep_len_mean          | 1e+03       |
|    ep_rew_mean          | 2.6e+03     |
| time/                   |             |
|    fps                  | 579         |
|    iterations           | 63          |
|    time_elapsed         | 3561        |
|    total_timesteps      | 2064384     |
| train/                  |             |
|    approx_kl            | 0.018146742 |
|    clip_fraction        | 0.236       |
|    clip_range           | 0.2         |
|    entropy_loss         | -35         |
|    explained_variance   | 0.881       |
|    learning_rate        | 0.0003      |
|    loss                 | -0.187      |
|    n_updates            | 620         |
|    policy_gradient_loss | -0.033      |
|    std                  | 0.983       |
|    value_loss           | 0.0109      |
-----------------------------------------
-----------------------------------------
| rollout/                |             |
|    ep_len_mean          | 1e+03       |
|    ep_rew_mean          | 2.6e+03     |
| time/                   |             |
|    fps                  | 582         |
|    iterations           | 64          |
|    time_elapsed         | 3597        |
|    total_timesteps      | 2097152     |
| train/                  |             |
|    approx_kl            | 0.017936062 |
|    clip_fraction        | 0.229       |
|    clip_range           | 0.2         |
|    entropy_loss         | -35         |
|    explained_variance   | 0.871       |
|    learning_rate        | 0.0003      |
|    loss                 | -0.186      |
|    n_updates            | 630         |
|    policy_gradient_loss | -0.0338     |
|    std                  | 0.983       |
|    value_loss           | 0.0109      |
-----------------------------------------
[checkpoint] published=C:\Users\ziyad\GeckoBrain\models\s4_run2b_elbow008\checkpoints\step-2100000 steps=2100000
Eval num_timesteps=2100000, episode_reward=3000.49 +/- 75.32
Episode length: 1000.00 +/- 0.00
----------------------------------------
| eval/                   |            |
|    mean_ep_length       | 1e+03      |
|    mean_reward          | 3e+03      |
| time/                   |            |
|    total_timesteps      | 2100000    |
| train/                  |            |
|    approx_kl            | 0.01777925 |
|    clip_fraction        | 0.233      |
|    clip_range           | 0.2        |
|    entropy_loss         | -35        |
|    explained_variance   | 0.876      |
|    learning_rate        | 0.0003     |
|    loss                 | -0.189     |
|    n_updates            | 640        |
|    policy_gradient_loss | -0.0338    |
|    std                  | 0.983      |
|    value_loss           | 0.0118     |
----------------------------------------
New best mean reward!
---------------------------------
| rollout/           |          |
|    ep_len_mean     | 1e+03    |
|    ep_rew_mean     | 2.62e+03 |
| time/              |          |
|    fps             | 583      |
|    iterations      | 65       |
|    time_elapsed    | 3652     |
|    total_timesteps | 2129920  |
---------------------------------
-----------------------------------------
| rollout/                |             |
|    ep_len_mean          | 1e+03       |
|    ep_rew_mean          | 2.62e+03    |
| time/                   |             |
|    fps                  | 586         |
|    iterations           | 66          |
|    time_elapsed         | 3687        |
|    total_timesteps      | 2162688     |
| train/                  |             |
|    approx_kl            | 0.017753527 |
|    clip_fraction        | 0.226       |
|    clip_range           | 0.2         |
|    entropy_loss         | -35         |
|    explained_variance   | 0.87        |
|    learning_rate        | 0.0003      |
|    loss                 | -0.191      |
|    n_updates            | 650         |
|    policy_gradient_loss | -0.034      |
|    std                  | 0.982       |
|    value_loss           | 0.0101      |
-----------------------------------------
----------------------------------------
| rollout/                |            |
|    ep_len_mean          | 1e+03      |
|    ep_rew_mean          | 2.63e+03   |
| time/                   |            |
|    fps                  | 589        |
|    iterations           | 67         |
|    time_elapsed         | 3722       |
|    total_timesteps      | 2195456    |
| train/                  |            |
|    approx_kl            | 0.01747872 |
|    clip_fraction        | 0.228      |
|    clip_range           | 0.2        |
|    entropy_loss         | -34.9      |
|    explained_variance   | 0.886      |
|    learning_rate        | 0.0003     |
|    loss                 | -0.187     |
|    n_updates            | 660        |
|    policy_gradient_loss | -0.0333    |
|    std                  | 0.982      |
|    value_loss           | 0.0108     |
----------------------------------------
[checkpoint] published=C:\Users\ziyad\GeckoBrain\models\s4_run2b_elbow008\checkpoints\step-2200000 steps=2200000
Eval num_timesteps=2200000, episode_reward=3052.37 +/- 93.58
Episode length: 1000.00 +/- 0.00
----------------------------------------
| eval/                   |            |
|    mean_ep_length       | 1e+03      |
|    mean_reward          | 3.05e+03   |
| time/                   |            |
|    total_timesteps      | 2200000    |
| train/                  |            |
|    approx_kl            | 0.01829907 |
|    clip_fraction        | 0.231      |
|    clip_range           | 0.2        |
|    entropy_loss         | -34.9      |
|    explained_variance   | 0.877      |
|    learning_rate        | 0.0003     |
|    loss                 | -0.187     |
|    n_updates            | 670        |
|    policy_gradient_loss | -0.033     |
|    std                  | 0.982      |
|    value_loss           | 0.012      |
----------------------------------------
New best mean reward!
---------------------------------
| rollout/           |          |
|    ep_len_mean     | 1e+03    |
|    ep_rew_mean     | 2.63e+03 |
| time/              |          |
|    fps             | 589      |
|    iterations      | 68       |
|    time_elapsed    | 3781     |
|    total_timesteps | 2228224  |
---------------------------------
-----------------------------------------
| rollout/                |             |
|    ep_len_mean          | 1e+03       |
|    ep_rew_mean          | 2.66e+03    |
| time/                   |             |
|    fps                  | 592         |
|    iterations           | 69          |
|    time_elapsed         | 3817        |
|    total_timesteps      | 2260992     |
| train/                  |             |
|    approx_kl            | 0.018814072 |
|    clip_fraction        | 0.241       |
|    clip_range           | 0.2         |
|    entropy_loss         | -34.9       |
|    explained_variance   | 0.868       |
|    learning_rate        | 0.0003      |
|    loss                 | -0.188      |
|    n_updates            | 680         |
|    policy_gradient_loss | -0.034      |
|    std                  | 0.981       |
|    value_loss           | 0.0108      |
-----------------------------------------
-----------------------------------------
| rollout/                |             |
|    ep_len_mean          | 1e+03       |
|    ep_rew_mean          | 2.67e+03    |
| time/                   |             |
|    fps                  | 595         |
|    iterations           | 70          |
|    time_elapsed         | 3852        |
|    total_timesteps      | 2293760     |
| train/                  |             |
|    approx_kl            | 0.017778683 |
|    clip_fraction        | 0.236       |
|    clip_range           | 0.2         |
|    entropy_loss         | -34.9       |
|    explained_variance   | 0.867       |
|    learning_rate        | 0.0003      |
|    loss                 | -0.187      |
|    n_updates            | 690         |
|    policy_gradient_loss | -0.0326     |
|    std                  | 0.98        |
|    value_loss           | 0.0117      |
-----------------------------------------
[checkpoint] published=C:\Users\ziyad\GeckoBrain\models\s4_run2b_elbow008\checkpoints\step-2300000 steps=2300000
Eval num_timesteps=2300000, episode_reward=2990.99 +/- 97.67
Episode length: 1000.00 +/- 0.00
-----------------------------------------
| eval/                   |             |
|    mean_ep_length       | 1e+03       |
|    mean_reward          | 2.99e+03    |
| time/                   |             |
|    total_timesteps      | 2300000     |
| train/                  |             |
|    approx_kl            | 0.018062476 |
|    clip_fraction        | 0.229       |
|    clip_range           | 0.2         |
|    entropy_loss         | -34.9       |
|    explained_variance   | 0.881       |
|    learning_rate        | 0.0003      |
|    loss                 | -0.19       |
|    n_updates            | 700         |
|    policy_gradient_loss | -0.0338     |
|    std                  | 0.979       |
|    value_loss           | 0.0108      |
-----------------------------------------
---------------------------------
| rollout/           |          |
|    ep_len_mean     | 1e+03    |
|    ep_rew_mean     | 2.68e+03 |
| time/              |          |
|    fps             | 595      |
|    iterations      | 71       |
|    time_elapsed    | 3909     |
|    total_timesteps | 2326528  |
---------------------------------
-----------------------------------------
| rollout/                |             |
|    ep_len_mean          | 1e+03       |
|    ep_rew_mean          | 2.69e+03    |
| time/                   |             |
|    fps                  | 597         |
|    iterations           | 72          |
|    time_elapsed         | 3945        |
|    total_timesteps      | 2359296     |
| train/                  |             |
|    approx_kl            | 0.018378317 |
|    clip_fraction        | 0.234       |
|    clip_range           | 0.2         |
|    entropy_loss         | -34.9       |
|    explained_variance   | 0.887       |
|    learning_rate        | 0.0003      |
|    loss                 | -0.188      |
|    n_updates            | 710         |
|    policy_gradient_loss | -0.0338     |
|    std                  | 0.979       |
|    value_loss           | 0.0103      |
-----------------------------------------
-----------------------------------------
| rollout/                |             |
|    ep_len_mean          | 1e+03       |
|    ep_rew_mean          | 2.7e+03     |
| time/                   |             |
|    fps                  | 600         |
|    iterations           | 73          |
|    time_elapsed         | 3981        |
|    total_timesteps      | 2392064     |
| train/                  |             |
|    approx_kl            | 0.019061688 |
|    clip_fraction        | 0.249       |
|    clip_range           | 0.2         |
|    entropy_loss         | -34.9       |
|    explained_variance   | 0.88        |
|    learning_rate        | 0.0003      |
|    loss                 | -0.189      |
|    n_updates            | 720         |
|    policy_gradient_loss | -0.0337     |
|    std                  | 0.979       |
|    value_loss           | 0.0103      |
-----------------------------------------
[checkpoint] published=C:\Users\ziyad\GeckoBrain\models\s4_run2b_elbow008\checkpoints\step-2400000 steps=2400000
Eval num_timesteps=2400000, episode_reward=3094.92 +/- 57.58
Episode length: 1000.00 +/- 0.00
----------------------------------------
| eval/                   |            |
|    mean_ep_length       | 1e+03      |
|    mean_reward          | 3.09e+03   |
| time/                   |            |
|    total_timesteps      | 2400000    |
| train/                  |            |
|    approx_kl            | 0.01906288 |
|    clip_fraction        | 0.242      |
|    clip_range           | 0.2        |
|    entropy_loss         | -34.8      |
|    explained_variance   | 0.881      |
|    learning_rate        | 0.0003     |
|    loss                 | -0.186     |
|    n_updates            | 730        |
|    policy_gradient_loss | -0.0336    |
|    std                  | 0.979      |
|    value_loss           | 0.0107     |
----------------------------------------
New best mean reward!
---------------------------------
| rollout/           |          |
|    ep_len_mean     | 1e+03    |
|    ep_rew_mean     | 2.7e+03  |
| time/              |          |
|    fps             | 600      |
|    iterations      | 74       |
|    time_elapsed    | 4038     |
|    total_timesteps | 2424832  |
---------------------------------
-----------------------------------------
| rollout/                |             |
|    ep_len_mean          | 1e+03       |
|    ep_rew_mean          | 2.71e+03    |
| time/                   |             |
|    fps                  | 603         |
|    iterations           | 75          |
|    time_elapsed         | 4074        |
|    total_timesteps      | 2457600     |
| train/                  |             |
|    approx_kl            | 0.018628534 |
|    clip_fraction        | 0.233       |
|    clip_range           | 0.2         |
|    entropy_loss         | -34.9       |
|    explained_variance   | 0.879       |
|    learning_rate        | 0.0003      |
|    loss                 | -0.188      |
|    n_updates            | 740         |
|    policy_gradient_loss | -0.0337     |
|    std                  | 0.979       |
|    value_loss           | 0.0101      |
-----------------------------------------
-----------------------------------------
| rollout/                |             |
|    ep_len_mean          | 1e+03       |
|    ep_rew_mean          | 2.72e+03    |
| time/                   |             |
|    fps                  | 605         |
|    iterations           | 76          |
|    time_elapsed         | 4110        |
|    total_timesteps      | 2490368     |
| train/                  |             |
|    approx_kl            | 0.018037695 |
|    clip_fraction        | 0.226       |
|    clip_range           | 0.2         |
|    entropy_loss         | -34.9       |
|    explained_variance   | 0.877       |
|    learning_rate        | 0.0003      |
|    loss                 | -0.187      |
|    n_updates            | 750         |
|    policy_gradient_loss | -0.0329     |
|    std                  | 0.98        |
|    value_loss           | 0.0104      |
-----------------------------------------
[checkpoint] published=C:\Users\ziyad\GeckoBrain\models\s4_run2b_elbow008\checkpoints\step-2500000 steps=2500000
Eval num_timesteps=2500000, episode_reward=3022.14 +/- 123.07
Episode length: 1000.00 +/- 0.00
-----------------------------------------
| eval/                   |             |
|    mean_ep_length       | 1e+03       |
|    mean_reward          | 3.02e+03    |
| time/                   |             |
|    total_timesteps      | 2500000     |
| train/                  |             |
|    approx_kl            | 0.018754803 |
|    clip_fraction        | 0.237       |
|    clip_range           | 0.2         |
|    entropy_loss         | -34.9       |
|    explained_variance   | 0.876       |
|    learning_rate        | 0.0003      |
|    loss                 | -0.188      |
|    n_updates            | 760         |
|    policy_gradient_loss | -0.0336     |
|    std                  | 0.98        |
|    value_loss           | 0.00969     |
-----------------------------------------
---------------------------------
| rollout/           |          |
|    ep_len_mean     | 1e+03    |
|    ep_rew_mean     | 2.73e+03 |
| time/              |          |
|    fps             | 605      |
|    iterations      | 77       |
|    time_elapsed    | 4168     |
|    total_timesteps | 2523136  |
---------------------------------
---------------------------------------
| rollout/                |           |
|    ep_len_mean          | 1e+03     |
|    ep_rew_mean          | 2.74e+03  |
| time/                   |           |
|    fps                  | 607       |
|    iterations           | 78        |
|    time_elapsed         | 4204      |
|    total_timesteps      | 2555904   |
| train/                  |           |
|    approx_kl            | 0.0194447 |
|    clip_fraction        | 0.243     |
|    clip_range           | 0.2       |
|    entropy_loss         | -34.9     |
|    explained_variance   | 0.883     |
|    learning_rate        | 0.0003    |
|    loss                 | -0.187    |
|    n_updates            | 770       |
|    policy_gradient_loss | -0.0347   |
|    std                  | 0.979     |
|    value_loss           | 0.0105    |
---------------------------------------
-----------------------------------------
| rollout/                |             |
|    ep_len_mean          | 1e+03       |
|    ep_rew_mean          | 2.74e+03    |
| time/                   |             |
|    fps                  | 610         |
|    iterations           | 79          |
|    time_elapsed         | 4240        |
|    total_timesteps      | 2588672     |
| train/                  |             |
|    approx_kl            | 0.018680211 |
|    clip_fraction        | 0.236       |
|    clip_range           | 0.2         |
|    entropy_loss         | -34.9       |
|    explained_variance   | 0.886       |
|    learning_rate        | 0.0003      |
|    loss                 | -0.189      |
|    n_updates            | 780         |
|    policy_gradient_loss | -0.0336     |
|    std                  | 0.98        |
|    value_loss           | 0.00911     |
-----------------------------------------
[checkpoint] published=C:\Users\ziyad\GeckoBrain\models\s4_run2b_elbow008\checkpoints\step-2600000 steps=2600000
Eval num_timesteps=2600000, episode_reward=3067.54 +/- 129.20
Episode length: 1000.00 +/- 0.00
----------------------------------------
| eval/                   |            |
|    mean_ep_length       | 1e+03      |
|    mean_reward          | 3.07e+03   |
| time/                   |            |
|    total_timesteps      | 2600000    |
| train/                  |            |
|    approx_kl            | 0.01896967 |
|    clip_fraction        | 0.243      |
|    clip_range           | 0.2        |
|    entropy_loss         | -34.9      |
|    explained_variance   | 0.887      |
|    learning_rate        | 0.0003     |
|    loss                 | -0.187     |
|    n_updates            | 790        |
|    policy_gradient_loss | -0.0342    |
|    std                  | 0.98       |
|    value_loss           | 0.0096     |
----------------------------------------
---------------------------------
| rollout/           |          |
|    ep_len_mean     | 1e+03    |
|    ep_rew_mean     | 2.74e+03 |
| time/              |          |
|    fps             | 610      |
|    iterations      | 80       |
|    time_elapsed    | 4296     |
|    total_timesteps | 2621440  |
---------------------------------
-----------------------------------------
| rollout/                |             |
|    ep_len_mean          | 1e+03       |
|    ep_rew_mean          | 2.75e+03    |
| time/                   |             |
|    fps                  | 612         |
|    iterations           | 81          |
|    time_elapsed         | 4333        |
|    total_timesteps      | 2654208     |
| train/                  |             |
|    approx_kl            | 0.019541983 |
|    clip_fraction        | 0.239       |
|    clip_range           | 0.2         |
|    entropy_loss         | -34.8       |
|    explained_variance   | 0.878       |
|    learning_rate        | 0.0003      |
|    loss                 | -0.185      |
|    n_updates            | 800         |
|    policy_gradient_loss | -0.0331     |
|    std                  | 0.98        |
|    value_loss           | 0.0116      |
-----------------------------------------
-----------------------------------------
| rollout/                |             |
|    ep_len_mean          | 1e+03       |
|    ep_rew_mean          | 2.76e+03    |
| time/                   |             |
|    fps                  | 614         |
|    iterations           | 82          |
|    time_elapsed         | 4369        |
|    total_timesteps      | 2686976     |
| train/                  |             |
|    approx_kl            | 0.019707777 |
|    clip_fraction        | 0.243       |
|    clip_range           | 0.2         |
|    entropy_loss         | -34.9       |
|    explained_variance   | 0.875       |
|    learning_rate        | 0.0003      |
|    loss                 | -0.184      |
|    n_updates            | 810         |
|    policy_gradient_loss | -0.0341     |
|    std                  | 0.98        |
|    value_loss           | 0.0113      |
-----------------------------------------
[checkpoint] published=C:\Users\ziyad\GeckoBrain\models\s4_run2b_elbow008\checkpoints\step-2700000 steps=2700000
Eval num_timesteps=2700000, episode_reward=3056.99 +/- 109.74
Episode length: 1000.00 +/- 0.00
-----------------------------------------
| eval/                   |             |
|    mean_ep_length       | 1e+03       |
|    mean_reward          | 3.06e+03    |
| time/                   |             |
|    total_timesteps      | 2700000     |
| train/                  |             |
|    approx_kl            | 0.019218147 |
|    clip_fraction        | 0.244       |
|    clip_range           | 0.2         |
|    entropy_loss         | -34.9       |
|    explained_variance   | 0.875       |
|    learning_rate        | 0.0003      |
|    loss                 | -0.184      |
|    n_updates            | 820         |
|    policy_gradient_loss | -0.0336     |
|    std                  | 0.98        |
|    value_loss           | 0.0105      |
-----------------------------------------
---------------------------------
| rollout/           |          |
|    ep_len_mean     | 1e+03    |
|    ep_rew_mean     | 2.77e+03 |
| time/              |          |
|    fps             | 614      |
|    iterations      | 83       |
|    time_elapsed    | 4427     |
|    total_timesteps | 2719744  |
---------------------------------
-----------------------------------------
| rollout/                |             |
|    ep_len_mean          | 1e+03       |
|    ep_rew_mean          | 2.77e+03    |
| time/                   |             |
|    fps                  | 616         |
|    iterations           | 84          |
|    time_elapsed         | 4464        |
|    total_timesteps      | 2752512     |
| train/                  |             |
|    approx_kl            | 0.018557848 |
|    clip_fraction        | 0.241       |
|    clip_range           | 0.2         |
|    entropy_loss         | -34.8       |
|    explained_variance   | 0.884       |
|    learning_rate        | 0.0003      |
|    loss                 | -0.188      |
|    n_updates            | 830         |
|    policy_gradient_loss | -0.0336     |
|    std                  | 0.98        |
|    value_loss           | 0.00943     |
-----------------------------------------
-----------------------------------------
| rollout/                |             |
|    ep_len_mean          | 1e+03       |
|    ep_rew_mean          | 2.78e+03    |
| time/                   |             |
|    fps                  | 618         |
|    iterations           | 85          |
|    time_elapsed         | 4499        |
|    total_timesteps      | 2785280     |
| train/                  |             |
|    approx_kl            | 0.019143771 |
|    clip_fraction        | 0.242       |
|    clip_range           | 0.2         |
|    entropy_loss         | -34.8       |
|    explained_variance   | 0.877       |
|    learning_rate        | 0.0003      |
|    loss                 | -0.188      |
|    n_updates            | 840         |
|    policy_gradient_loss | -0.0336     |
|    std                  | 0.979       |
|    value_loss           | 0.0102      |
-----------------------------------------
[checkpoint] published=C:\Users\ziyad\GeckoBrain\models\s4_run2b_elbow008\checkpoints\step-2800000 steps=2800000
Eval num_timesteps=2800000, episode_reward=3092.60 +/- 81.42
Episode length: 1000.00 +/- 0.00
-----------------------------------------
| eval/                   |             |
|    mean_ep_length       | 1e+03       |
|    mean_reward          | 3.09e+03    |
| time/                   |             |
|    total_timesteps      | 2800000     |
| train/                  |             |
|    approx_kl            | 0.017897958 |
|    clip_fraction        | 0.233       |
|    clip_range           | 0.2         |
|    entropy_loss         | -34.8       |
|    explained_variance   | 0.881       |
|    learning_rate        | 0.0003      |
|    loss                 | -0.19       |
|    n_updates            | 850         |
|    policy_gradient_loss | -0.0331     |
|    std                  | 0.98        |
|    value_loss           | 0.00997     |
-----------------------------------------
---------------------------------
| rollout/           |          |
|    ep_len_mean     | 1e+03    |
|    ep_rew_mean     | 2.79e+03 |
| time/              |          |
|    fps             | 618      |
|    iterations      | 86       |
|    time_elapsed    | 4557     |
|    total_timesteps | 2818048  |
---------------------------------
-----------------------------------------
| rollout/                |             |
|    ep_len_mean          | 1e+03       |
|    ep_rew_mean          | 2.79e+03    |
| time/                   |             |
|    fps                  | 620         |
|    iterations           | 87          |
|    time_elapsed         | 4594        |
|    total_timesteps      | 2850816     |
| train/                  |             |
|    approx_kl            | 0.018593164 |
|    clip_fraction        | 0.242       |
|    clip_range           | 0.2         |
|    entropy_loss         | -34.8       |
|    explained_variance   | 0.869       |
|    learning_rate        | 0.0003      |
|    loss                 | -0.189      |
|    n_updates            | 860         |
|    policy_gradient_loss | -0.0337     |
|    std                  | 0.98        |
|    value_loss           | 0.01        |
-----------------------------------------
-----------------------------------------
| rollout/                |             |
|    ep_len_mean          | 1e+03       |
|    ep_rew_mean          | 2.79e+03    |
| time/                   |             |
|    fps                  | 622         |
|    iterations           | 88          |
|    time_elapsed         | 4629        |
|    total_timesteps      | 2883584     |
| train/                  |             |
|    approx_kl            | 0.018967094 |
|    clip_fraction        | 0.244       |
|    clip_range           | 0.2         |
|    entropy_loss         | -34.9       |
|    explained_variance   | 0.884       |
|    learning_rate        | 0.0003      |
|    loss                 | -0.185      |
|    n_updates            | 870         |
|    policy_gradient_loss | -0.0338     |
|    std                  | 0.981       |
|    value_loss           | 0.0102      |
-----------------------------------------
[checkpoint] published=C:\Users\ziyad\GeckoBrain\models\s4_run2b_elbow008\checkpoints\step-2900000 steps=2900000
Eval num_timesteps=2900000, episode_reward=3057.35 +/- 96.75
Episode length: 1000.00 +/- 0.00
-----------------------------------------
| eval/                   |             |
|    mean_ep_length       | 1e+03       |
|    mean_reward          | 3.06e+03    |
| time/                   |             |
|    total_timesteps      | 2900000     |
| train/                  |             |
|    approx_kl            | 0.019494731 |
|    clip_fraction        | 0.247       |
|    clip_range           | 0.2         |
|    entropy_loss         | -34.9       |
|    explained_variance   | 0.883       |
|    learning_rate        | 0.0003      |
|    loss                 | -0.191      |
|    n_updates            | 880         |
|    policy_gradient_loss | -0.0329     |
|    std                  | 0.98        |
|    value_loss           | 0.00976     |
-----------------------------------------
---------------------------------
| rollout/           |          |
|    ep_len_mean     | 1e+03    |
|    ep_rew_mean     | 2.79e+03 |
| time/              |          |
|    fps             | 622      |
|    iterations      | 89       |
|    time_elapsed    | 4685     |
|    total_timesteps | 2916352  |
---------------------------------
-----------------------------------------
| rollout/                |             |
|    ep_len_mean          | 1e+03       |
|    ep_rew_mean          | 2.81e+03    |
| time/                   |             |
|    fps                  | 624         |
|    iterations           | 90          |
|    time_elapsed         | 4721        |
|    total_timesteps      | 2949120     |
| train/                  |             |
|    approx_kl            | 0.019396096 |
|    clip_fraction        | 0.24        |
|    clip_range           | 0.2         |
|    entropy_loss         | -34.8       |
|    explained_variance   | 0.887       |
|    learning_rate        | 0.0003      |
|    loss                 | -0.185      |
|    n_updates            | 890         |
|    policy_gradient_loss | -0.0324     |
|    std                  | 0.98        |
|    value_loss           | 0.0107      |
-----------------------------------------
-----------------------------------------
| rollout/                |             |
|    ep_len_mean          | 1e+03       |
|    ep_rew_mean          | 2.83e+03    |
| time/                   |             |
|    fps                  | 626         |
|    iterations           | 91          |
|    time_elapsed         | 4758        |
|    total_timesteps      | 2981888     |
| train/                  |             |
|    approx_kl            | 0.020367738 |
|    clip_fraction        | 0.256       |
|    clip_range           | 0.2         |
|    entropy_loss         | -34.9       |
|    explained_variance   | 0.864       |
|    learning_rate        | 0.0003      |
|    loss                 | -0.189      |
|    n_updates            | 900         |
|    policy_gradient_loss | -0.0344     |
|    std                  | 0.981       |
|    value_loss           | 0.0116      |
-----------------------------------------
[checkpoint] published=C:\Users\ziyad\GeckoBrain\models\s4_run2b_elbow008\checkpoints\step-3000000 steps=3000000
Eval num_timesteps=3000000, episode_reward=3077.51 +/- 77.78
Episode length: 1000.00 +/- 0.00
-----------------------------------------
| eval/                   |             |
|    mean_ep_length       | 1e+03       |
|    mean_reward          | 3.08e+03    |
| time/                   |             |
|    total_timesteps      | 3000000     |
| train/                  |             |
|    approx_kl            | 0.019775502 |
|    clip_fraction        | 0.248       |
|    clip_range           | 0.2         |
|    entropy_loss         | -34.9       |
|    explained_variance   | 0.875       |
|    learning_rate        | 0.0003      |
|    loss                 | -0.187      |
|    n_updates            | 910         |
|    policy_gradient_loss | -0.033      |
|    std                  | 0.981       |
|    value_loss           | 0.00989     |
-----------------------------------------
---------------------------------
| rollout/           |          |
|    ep_len_mean     | 1e+03    |
|    ep_rew_mean     | 2.84e+03 |
| time/              |          |
|    fps             | 626      |
|    iterations      | 92       |
|    time_elapsed    | 4815     |
|    total_timesteps | 3014656  |
---------------------------------
[checkpoint] published=C:\Users\ziyad\GeckoBrain\models\s4_run2b_elbow008\checkpoints\step-3014656-final steps=3014656
saved -> C:\Users\ziyad\GeckoBrain\models\s4_run2b_elbow008
