Using cpu device
Logging to C:\Users\ziyad\GeckoBrain\renders\tb\s4_run1_seed0_1
[checkpoint] published=C:\Users\ziyad\GeckoBrain\models\s4_run1_seed0\checkpoints\step-0 steps=0
---------------------------------
| rollout/           |          |
|    ep_len_mean     | 1e+03    |
|    ep_rew_mean     | 1.24e+03 |
| time/              |          |
|    fps             | 951      |
|    iterations      | 1        |
|    time_elapsed    | 34       |
|    total_timesteps | 32768    |
---------------------------------
-----------------------------------------
| rollout/                |             |
|    ep_len_mean          | 1e+03       |
|    ep_rew_mean          | 1.27e+03    |
| time/                   |             |
|    fps                  | 923         |
|    iterations           | 2           |
|    time_elapsed         | 70          |
|    total_timesteps      | 65536       |
| train/                  |             |
|    approx_kl            | 0.013400035 |
|    clip_fraction        | 0.167       |
|    clip_range           | 0.2         |
|    entropy_loss         | -35.5       |
|    explained_variance   | -2.83       |
|    learning_rate        | 0.0003      |
|    loss                 | -0.141      |
|    n_updates            | 10          |
|    policy_gradient_loss | -0.0236     |
|    std                  | 1           |
|    value_loss           | 0.175       |
-----------------------------------------
----------------------------------------
| rollout/                |            |
|    ep_len_mean          | 1e+03      |
|    ep_rew_mean          | 1.3e+03    |
| time/                   |            |
|    fps                  | 907        |
|    iterations           | 3          |
|    time_elapsed         | 108        |
|    total_timesteps      | 98304      |
| train/                  |            |
|    approx_kl            | 0.01369392 |
|    clip_fraction        | 0.157      |
|    clip_range           | 0.2        |
|    entropy_loss         | -35.5      |
|    explained_variance   | -0.387     |
|    learning_rate        | 0.0003     |
|    loss                 | -0.154     |
|    n_updates            | 20         |
|    policy_gradient_loss | -0.0233    |
|    std                  | 1          |
|    value_loss           | 0.0886     |
----------------------------------------
[checkpoint] published=C:\Users\ziyad\GeckoBrain\models\s4_run1_seed0\checkpoints\step-100000 steps=100000
Eval num_timesteps=100000, episode_reward=1610.47 +/- 46.65
Episode length: 1000.00 +/- 0.00
-----------------------------------------
| eval/                   |             |
|    mean_ep_length       | 1e+03       |
|    mean_reward          | 1.61e+03    |
| time/                   |             |
|    total_timesteps      | 100000      |
| train/                  |             |
|    approx_kl            | 0.013963686 |
|    clip_fraction        | 0.169       |
|    clip_range           | 0.2         |
|    entropy_loss         | -35.5       |
|    explained_variance   | 0.339       |
|    learning_rate        | 0.0003      |
|    loss                 | -0.158      |
|    n_updates            | 30          |
|    policy_gradient_loss | -0.0256     |
|    std                  | 1           |
|    value_loss           | 0.0664      |
-----------------------------------------
New best mean reward!
---------------------------------
| rollout/           |          |
|    ep_len_mean     | 1e+03    |
|    ep_rew_mean     | 1.35e+03 |
| time/              |          |
|    fps             | 787      |
|    iterations      | 4        |
|    time_elapsed    | 166      |
|    total_timesteps | 131072   |
---------------------------------
------------------------------------------
| rollout/                |              |
|    ep_len_mean          | 1e+03        |
|    ep_rew_mean          | 1.41e+03     |
| time/                   |              |
|    fps                  | 806          |
|    iterations           | 5            |
|    time_elapsed         | 203          |
|    total_timesteps      | 163840       |
| train/                  |              |
|    approx_kl            | 0.0137939425 |
|    clip_fraction        | 0.176        |
|    clip_range           | 0.2          |
|    entropy_loss         | -35.5        |
|    explained_variance   | 0.489        |
|    learning_rate        | 0.0003       |
|    loss                 | -0.161       |
|    n_updates            | 40           |
|    policy_gradient_loss | -0.0264      |
|    std                  | 1            |
|    value_loss           | 0.0585       |
------------------------------------------
----------------------------------------
| rollout/                |            |
|    ep_len_mean          | 1e+03      |
|    ep_rew_mean          | 1.45e+03   |
| time/                   |            |
|    fps                  | 686        |
|    iterations           | 6          |
|    time_elapsed         | 286        |
|    total_timesteps      | 196608     |
| train/                  |            |
|    approx_kl            | 0.01335022 |
|    clip_fraction        | 0.168      |
|    clip_range           | 0.2        |
|    entropy_loss         | -35.5      |
|    explained_variance   | 0.6        |
|    learning_rate        | 0.0003     |
|    loss                 | -0.163     |
|    n_updates            | 50         |
|    policy_gradient_loss | -0.0262    |
|    std                  | 1          |
|    value_loss           | 0.0495     |
----------------------------------------
[checkpoint] published=C:\Users\ziyad\GeckoBrain\models\s4_run1_seed0\checkpoints\step-200000 steps=200000
Eval num_timesteps=200000, episode_reward=1835.81 +/- 118.23
Episode length: 1000.00 +/- 0.00
-----------------------------------------
| eval/                   |             |
|    mean_ep_length       | 1e+03       |
|    mean_reward          | 1.84e+03    |
| time/                   |             |
|    total_timesteps      | 200000      |
| train/                  |             |
|    approx_kl            | 0.014371971 |
|    clip_fraction        | 0.183       |
|    clip_range           | 0.2         |
|    entropy_loss         | -35.5       |
|    explained_variance   | 0.613       |
|    learning_rate        | 0.0003      |
|    loss                 | -0.166      |
|    n_updates            | 60          |
|    policy_gradient_loss | -0.0277     |
|    std                  | 0.999       |
|    value_loss           | 0.0456      |
-----------------------------------------
New best mean reward!
---------------------------------
| rollout/           |          |
|    ep_len_mean     | 1e+03    |
|    ep_rew_mean     | 1.49e+03 |
| time/              |          |
|    fps             | 517      |
|    iterations      | 7        |
|    time_elapsed    | 443      |
|    total_timesteps | 229376   |
---------------------------------
-----------------------------------------
| rollout/                |             |
|    ep_len_mean          | 1e+03       |
|    ep_rew_mean          | 1.52e+03    |
| time/                   |             |
|    fps                  | 521         |
|    iterations           | 8           |
|    time_elapsed         | 502         |
|    total_timesteps      | 262144      |
| train/                  |             |
|    approx_kl            | 0.014103197 |
|    clip_fraction        | 0.181       |
|    clip_range           | 0.2         |
|    entropy_loss         | -35.5       |
|    explained_variance   | 0.676       |
|    learning_rate        | 0.0003      |
|    loss                 | -0.167      |
|    n_updates            | 70          |
|    policy_gradient_loss | -0.0276     |
|    std                  | 0.999       |
|    value_loss           | 0.0413      |
-----------------------------------------
-----------------------------------------
| rollout/                |             |
|    ep_len_mean          | 1e+03       |
|    ep_rew_mean          | 1.56e+03    |
| time/                   |             |
|    fps                  | 546         |
|    iterations           | 9           |
|    time_elapsed         | 539         |
|    total_timesteps      | 294912      |
| train/                  |             |
|    approx_kl            | 0.014365232 |
|    clip_fraction        | 0.178       |
|    clip_range           | 0.2         |
|    entropy_loss         | -35.5       |
|    explained_variance   | 0.708       |
|    learning_rate        | 0.0003      |
|    loss                 | -0.166      |
|    n_updates            | 80          |
|    policy_gradient_loss | -0.0278     |
|    std                  | 0.999       |
|    value_loss           | 0.0369      |
-----------------------------------------
[checkpoint] published=C:\Users\ziyad\GeckoBrain\models\s4_run1_seed0\checkpoints\step-300000 steps=300000
Eval num_timesteps=300000, episode_reward=1976.32 +/- 71.40
Episode length: 1000.00 +/- 0.00
------------------------------------------
| eval/                   |              |
|    mean_ep_length       | 1e+03        |
|    mean_reward          | 1.98e+03     |
| time/                   |              |
|    total_timesteps      | 300000       |
| train/                  |              |
|    approx_kl            | 0.0138403885 |
|    clip_fraction        | 0.186        |
|    clip_range           | 0.2          |
|    entropy_loss         | -35.4        |
|    explained_variance   | 0.699        |
|    learning_rate        | 0.0003       |
|    loss                 | -0.172       |
|    n_updates            | 90           |
|    policy_gradient_loss | -0.029       |
|    std                  | 0.999        |
|    value_loss           | 0.0332       |
------------------------------------------
New best mean reward!
---------------------------------
| rollout/           |          |
|    ep_len_mean     | 1e+03    |
|    ep_rew_mean     | 1.59e+03 |
| time/              |          |
|    fps             | 550      |
|    iterations      | 10       |
|    time_elapsed    | 595      |
|    total_timesteps | 327680   |
---------------------------------
-----------------------------------------
| rollout/                |             |
|    ep_len_mean          | 1e+03       |
|    ep_rew_mean          | 1.63e+03    |
| time/                   |             |
|    fps                  | 552         |
|    iterations           | 11          |
|    time_elapsed         | 652         |
|    total_timesteps      | 360448      |
| train/                  |             |
|    approx_kl            | 0.013540134 |
|    clip_fraction        | 0.179       |
|    clip_range           | 0.2         |
|    entropy_loss         | -35.4       |
|    explained_variance   | 0.727       |
|    learning_rate        | 0.0003      |
|    loss                 | -0.172      |
|    n_updates            | 100         |
|    policy_gradient_loss | -0.0284     |
|    std                  | 0.998       |
|    value_loss           | 0.0313      |
-----------------------------------------
-----------------------------------------
| rollout/                |             |
|    ep_len_mean          | 1e+03       |
|    ep_rew_mean          | 1.67e+03    |
| time/                   |             |
|    fps                  | 570         |
|    iterations           | 12          |
|    time_elapsed         | 689         |
|    total_timesteps      | 393216      |
| train/                  |             |
|    approx_kl            | 0.013782394 |
|    clip_fraction        | 0.183       |
|    clip_range           | 0.2         |
|    entropy_loss         | -35.4       |
|    explained_variance   | 0.742       |
|    learning_rate        | 0.0003      |
|    loss                 | -0.172      |
|    n_updates            | 110         |
|    policy_gradient_loss | -0.0288     |
|    std                  | 0.998       |
|    value_loss           | 0.0307      |
-----------------------------------------
[checkpoint] published=C:\Users\ziyad\GeckoBrain\models\s4_run1_seed0\checkpoints\step-400000 steps=400000
Eval num_timesteps=400000, episode_reward=2039.79 +/- 110.07
Episode length: 1000.00 +/- 0.00
-----------------------------------------
| eval/                   |             |
|    mean_ep_length       | 1e+03       |
|    mean_reward          | 2.04e+03    |
| time/                   |             |
|    total_timesteps      | 400000      |
| train/                  |             |
|    approx_kl            | 0.014315475 |
|    clip_fraction        | 0.195       |
|    clip_range           | 0.2         |
|    entropy_loss         | -35.4       |
|    explained_variance   | 0.758       |
|    learning_rate        | 0.0003      |
|    loss                 | -0.171      |
|    n_updates            | 120         |
|    policy_gradient_loss | -0.03       |
|    std                  | 0.998       |
|    value_loss           | 0.0277      |
-----------------------------------------
New best mean reward!
---------------------------------
| rollout/           |          |
|    ep_len_mean     | 1e+03    |
|    ep_rew_mean     | 1.7e+03  |
| time/              |          |
|    fps             | 570      |
|    iterations      | 13       |
|    time_elapsed    | 746      |
|    total_timesteps | 425984   |
---------------------------------
-----------------------------------------
| rollout/                |             |
|    ep_len_mean          | 1e+03       |
|    ep_rew_mean          | 1.73e+03    |
| time/                   |             |
|    fps                  | 584         |
|    iterations           | 14          |
|    time_elapsed         | 784         |
|    total_timesteps      | 458752      |
| train/                  |             |
|    approx_kl            | 0.014350593 |
|    clip_fraction        | 0.188       |
|    clip_range           | 0.2         |
|    entropy_loss         | -35.4       |
|    explained_variance   | 0.775       |
|    learning_rate        | 0.0003      |
|    loss                 | -0.176      |
|    n_updates            | 130         |
|    policy_gradient_loss | -0.0294     |
|    std                  | 0.998       |
|    value_loss           | 0.0259      |
-----------------------------------------
-----------------------------------------
| rollout/                |             |
|    ep_len_mean          | 1e+03       |
|    ep_rew_mean          | 1.75e+03    |
| time/                   |             |
|    fps                  | 599         |
|    iterations           | 15          |
|    time_elapsed         | 820         |
|    total_timesteps      | 491520      |
| train/                  |             |
|    approx_kl            | 0.013874499 |
|    clip_fraction        | 0.188       |
|    clip_range           | 0.2         |
|    entropy_loss         | -35.4       |
|    explained_variance   | 0.775       |
|    learning_rate        | 0.0003      |
|    loss                 | -0.176      |
|    n_updates            | 140         |
|    policy_gradient_loss | -0.0296     |
|    std                  | 0.998       |
|    value_loss           | 0.0245      |
-----------------------------------------
[checkpoint] published=C:\Users\ziyad\GeckoBrain\models\s4_run1_seed0\checkpoints\step-500000 steps=500000
Eval num_timesteps=500000, episode_reward=2091.84 +/- 42.14
Episode length: 1000.00 +/- 0.00
-----------------------------------------
| eval/                   |             |
|    mean_ep_length       | 1e+03       |
|    mean_reward          | 2.09e+03    |
| time/                   |             |
|    total_timesteps      | 500000      |
| train/                  |             |
|    approx_kl            | 0.013875256 |
|    clip_fraction        | 0.193       |
|    clip_range           | 0.2         |
|    entropy_loss         | -35.4       |
|    explained_variance   | 0.767       |
|    learning_rate        | 0.0003      |
|    loss                 | -0.18       |
|    n_updates            | 150         |
|    policy_gradient_loss | -0.0304     |
|    std                  | 0.999       |
|    value_loss           | 0.0234      |
-----------------------------------------
New best mean reward!
---------------------------------
| rollout/           |          |
|    ep_len_mean     | 1e+03    |
|    ep_rew_mean     | 1.79e+03 |
| time/              |          |
|    fps             | 596      |
|    iterations      | 16       |
|    time_elapsed    | 878      |
|    total_timesteps | 524288   |
---------------------------------
-----------------------------------------
| rollout/                |             |
|    ep_len_mean          | 1e+03       |
|    ep_rew_mean          | 1.83e+03    |
| time/                   |             |
|    fps                  | 606         |
|    iterations           | 17          |
|    time_elapsed         | 918         |
|    total_timesteps      | 557056      |
| train/                  |             |
|    approx_kl            | 0.014313512 |
|    clip_fraction        | 0.194       |
|    clip_range           | 0.2         |
|    entropy_loss         | -35.4       |
|    explained_variance   | 0.798       |
|    learning_rate        | 0.0003      |
|    loss                 | -0.179      |
|    n_updates            | 160         |
|    policy_gradient_loss | -0.0305     |
|    std                  | 0.997       |
|    value_loss           | 0.0219      |
-----------------------------------------
-----------------------------------------
| rollout/                |             |
|    ep_len_mean          | 1e+03       |
|    ep_rew_mean          | 1.86e+03    |
| time/                   |             |
|    fps                  | 606         |
|    iterations           | 18          |
|    time_elapsed         | 972         |
|    total_timesteps      | 589824      |
| train/                  |             |
|    approx_kl            | 0.014743276 |
|    clip_fraction        | 0.193       |
|    clip_range           | 0.2         |
|    entropy_loss         | -35.4       |
|    explained_variance   | 0.778       |
|    learning_rate        | 0.0003      |
|    loss                 | -0.175      |
|    n_updates            | 170         |
|    policy_gradient_loss | -0.0307     |
|    std                  | 0.997       |
|    value_loss           | 0.022       |
-----------------------------------------
[checkpoint] published=C:\Users\ziyad\GeckoBrain\models\s4_run1_seed0\checkpoints\step-600000 steps=600000
Eval num_timesteps=600000, episode_reward=2179.46 +/- 69.04
Episode length: 1000.00 +/- 0.00
-----------------------------------------
| eval/                   |             |
|    mean_ep_length       | 1e+03       |
|    mean_reward          | 2.18e+03    |
| time/                   |             |
|    total_timesteps      | 600000      |
| train/                  |             |
|    approx_kl            | 0.014562175 |
|    clip_fraction        | 0.195       |
|    clip_range           | 0.2         |
|    entropy_loss         | -35.4       |
|    explained_variance   | 0.811       |
|    learning_rate        | 0.0003      |
|    loss                 | -0.178      |
|    n_updates            | 180         |
|    policy_gradient_loss | -0.0301     |
|    std                  | 0.995       |
|    value_loss           | 0.0201      |
-----------------------------------------
New best mean reward!
---------------------------------
| rollout/           |          |
|    ep_len_mean     | 1e+03    |
|    ep_rew_mean     | 1.89e+03 |
| time/              |          |
|    fps             | 594      |
|    iterations      | 19       |
|    time_elapsed    | 1048     |
|    total_timesteps | 622592   |
---------------------------------
-----------------------------------------
| rollout/                |             |
|    ep_len_mean          | 1e+03       |
|    ep_rew_mean          | 1.9e+03     |
| time/                   |             |
|    fps                  | 601         |
|    iterations           | 20          |
|    time_elapsed         | 1089        |
|    total_timesteps      | 655360      |
| train/                  |             |
|    approx_kl            | 0.014574794 |
|    clip_fraction        | 0.192       |
|    clip_range           | 0.2         |
|    entropy_loss         | -35.4       |
|    explained_variance   | 0.817       |
|    learning_rate        | 0.0003      |
|    loss                 | -0.18       |
|    n_updates            | 190         |
|    policy_gradient_loss | -0.0305     |
|    std                  | 0.995       |
|    value_loss           | 0.0204      |
-----------------------------------------
-----------------------------------------
| rollout/                |             |
|    ep_len_mean          | 1e+03       |
|    ep_rew_mean          | 1.94e+03    |
| time/                   |             |
|    fps                  | 608         |
|    iterations           | 21          |
|    time_elapsed         | 1130        |
|    total_timesteps      | 688128      |
| train/                  |             |
|    approx_kl            | 0.015419633 |
|    clip_fraction        | 0.199       |
|    clip_range           | 0.2         |
|    entropy_loss         | -35.3       |
|    explained_variance   | 0.827       |
|    learning_rate        | 0.0003      |
|    loss                 | -0.177      |
|    n_updates            | 200         |
|    policy_gradient_loss | -0.03       |
|    std                  | 0.994       |
|    value_loss           | 0.0196      |
-----------------------------------------
[checkpoint] published=C:\Users\ziyad\GeckoBrain\models\s4_run1_seed0\checkpoints\step-700000 steps=700000
Eval num_timesteps=700000, episode_reward=2274.31 +/- 103.75
Episode length: 1000.00 +/- 0.00
----------------------------------------
| eval/                   |            |
|    mean_ep_length       | 1e+03      |
|    mean_reward          | 2.27e+03   |
| time/                   |            |
|    total_timesteps      | 700000     |
| train/                  |            |
|    approx_kl            | 0.01509692 |
|    clip_fraction        | 0.2        |
|    clip_range           | 0.2        |
|    entropy_loss         | -35.3      |
|    explained_variance   | 0.823      |
|    learning_rate        | 0.0003     |
|    loss                 | -0.18      |
|    n_updates            | 210        |
|    policy_gradient_loss | -0.0313    |
|    std                  | 0.994      |
|    value_loss           | 0.0183     |
----------------------------------------
New best mean reward!
---------------------------------
| rollout/           |          |
|    ep_len_mean     | 1e+03    |
|    ep_rew_mean     | 1.97e+03 |
| time/              |          |
|    fps             | 602      |
|    iterations      | 22       |
|    time_elapsed    | 1196     |
|    total_timesteps | 720896   |
---------------------------------
-----------------------------------------
| rollout/                |             |
|    ep_len_mean          | 1e+03       |
|    ep_rew_mean          | 1.99e+03    |
| time/                   |             |
|    fps                  | 608         |
|    iterations           | 23          |
|    time_elapsed         | 1238        |
|    total_timesteps      | 753664      |
| train/                  |             |
|    approx_kl            | 0.015726823 |
|    clip_fraction        | 0.208       |
|    clip_range           | 0.2         |
|    entropy_loss         | -35.3       |
|    explained_variance   | 0.832       |
|    learning_rate        | 0.0003      |
|    loss                 | -0.18       |
|    n_updates            | 220         |
|    policy_gradient_loss | -0.0315     |
|    std                  | 0.993       |
|    value_loss           | 0.0183      |
-----------------------------------------
-----------------------------------------
| rollout/                |             |
|    ep_len_mean          | 1e+03       |
|    ep_rew_mean          | 2.01e+03    |
| time/                   |             |
|    fps                  | 612         |
|    iterations           | 24          |
|    time_elapsed         | 1283        |
|    total_timesteps      | 786432      |
| train/                  |             |
|    approx_kl            | 0.015110115 |
|    clip_fraction        | 0.203       |
|    clip_range           | 0.2         |
|    entropy_loss         | -35.3       |
|    explained_variance   | 0.828       |
|    learning_rate        | 0.0003      |
|    loss                 | -0.181      |
|    n_updates            | 230         |
|    policy_gradient_loss | -0.0306     |
|    std                  | 0.993       |
|    value_loss           | 0.0164      |
-----------------------------------------
[checkpoint] published=C:\Users\ziyad\GeckoBrain\models\s4_run1_seed0\checkpoints\step-800000 steps=800000
Eval num_timesteps=800000, episode_reward=2266.72 +/- 113.74
Episode length: 1000.00 +/- 0.00
-----------------------------------------
| eval/                   |             |
|    mean_ep_length       | 1e+03       |
|    mean_reward          | 2.27e+03    |
| time/                   |             |
|    total_timesteps      | 800000      |
| train/                  |             |
|    approx_kl            | 0.015086794 |
|    clip_fraction        | 0.195       |
|    clip_range           | 0.2         |
|    entropy_loss         | -35.3       |
|    explained_variance   | 0.841       |
|    learning_rate        | 0.0003      |
|    loss                 | -0.181      |
|    n_updates            | 240         |
|    policy_gradient_loss | -0.0306     |
|    std                  | 0.993       |
|    value_loss           | 0.0158      |
-----------------------------------------
---------------------------------
| rollout/           |          |
|    ep_len_mean     | 1e+03    |
|    ep_rew_mean     | 2.03e+03 |
| time/              |          |
|    fps             | 603      |
|    iterations      | 25       |
|    time_elapsed    | 1357     |
|    total_timesteps | 819200   |
---------------------------------
-----------------------------------------
| rollout/                |             |
|    ep_len_mean          | 1e+03       |
|    ep_rew_mean          | 2.04e+03    |
| time/                   |             |
|    fps                  | 606         |
|    iterations           | 26          |
|    time_elapsed         | 1404        |
|    total_timesteps      | 851968      |
| train/                  |             |
|    approx_kl            | 0.015597422 |
|    clip_fraction        | 0.209       |
|    clip_range           | 0.2         |
|    entropy_loss         | -35.3       |
|    explained_variance   | 0.841       |
|    learning_rate        | 0.0003      |
|    loss                 | -0.179      |
|    n_updates            | 250         |
|    policy_gradient_loss | -0.0307     |
|    std                  | 0.994       |
|    value_loss           | 0.0176      |
-----------------------------------------
----------------------------------------
| rollout/                |            |
|    ep_len_mean          | 1e+03      |
|    ep_rew_mean          | 2.05e+03   |
| time/                   |            |
|    fps                  | 609        |
|    iterations           | 27         |
|    time_elapsed         | 1452       |
|    total_timesteps      | 884736     |
| train/                  |            |
|    approx_kl            | 0.01537204 |
|    clip_fraction        | 0.205      |
|    clip_range           | 0.2        |
|    entropy_loss         | -35.3      |
|    explained_variance   | 0.84       |
|    learning_rate        | 0.0003     |
|    loss                 | -0.183     |
|    n_updates            | 260        |
|    policy_gradient_loss | -0.0307    |
|    std                  | 0.994      |
|    value_loss           | 0.0174     |
----------------------------------------
[checkpoint] published=C:\Users\ziyad\GeckoBrain\models\s4_run1_seed0\checkpoints\step-900000 steps=900000
Eval num_timesteps=900000, episode_reward=2407.17 +/- 76.33
Episode length: 1000.00 +/- 0.00
-----------------------------------------
| eval/                   |             |
|    mean_ep_length       | 1e+03       |
|    mean_reward          | 2.41e+03    |
| time/                   |             |
|    total_timesteps      | 900000      |
| train/                  |             |
|    approx_kl            | 0.015572958 |
|    clip_fraction        | 0.203       |
|    clip_range           | 0.2         |
|    entropy_loss         | -35.3       |
|    explained_variance   | 0.862       |
|    learning_rate        | 0.0003      |
|    loss                 | -0.18       |
|    n_updates            | 270         |
|    policy_gradient_loss | -0.0302     |
|    std                  | 0.994       |
|    value_loss           | 0.0163      |
-----------------------------------------
New best mean reward!
---------------------------------
| rollout/           |          |
|    ep_len_mean     | 1e+03    |
|    ep_rew_mean     | 2.07e+03 |
| time/              |          |
|    fps             | 601      |
|    iterations      | 28       |
|    time_elapsed    | 1524     |
|    total_timesteps | 917504   |
---------------------------------
-----------------------------------------
| rollout/                |             |
|    ep_len_mean          | 1e+03       |
|    ep_rew_mean          | 2.08e+03    |
| time/                   |             |
|    fps                  | 604         |
|    iterations           | 29          |
|    time_elapsed         | 1572        |
|    total_timesteps      | 950272      |
| train/                  |             |
|    approx_kl            | 0.015822645 |
|    clip_fraction        | 0.209       |
|    clip_range           | 0.2         |
|    entropy_loss         | -35.3       |
|    explained_variance   | 0.855       |
|    learning_rate        | 0.0003      |
|    loss                 | -0.184      |
|    n_updates            | 280         |
|    policy_gradient_loss | -0.0308     |
|    std                  | 0.994       |
|    value_loss           | 0.0166      |
-----------------------------------------
-----------------------------------------
| rollout/                |             |
|    ep_len_mean          | 1e+03       |
|    ep_rew_mean          | 2.1e+03     |
| time/                   |             |
|    fps                  | 606         |
|    iterations           | 30          |
|    time_elapsed         | 1620        |
|    total_timesteps      | 983040      |
| train/                  |             |
|    approx_kl            | 0.015412291 |
|    clip_fraction        | 0.198       |
|    clip_range           | 0.2         |
|    entropy_loss         | -35.3       |
|    explained_variance   | 0.859       |
|    learning_rate        | 0.0003      |
|    loss                 | -0.184      |
|    n_updates            | 290         |
|    policy_gradient_loss | -0.0315     |
|    std                  | 0.994       |
|    value_loss           | 0.0146      |
-----------------------------------------
[checkpoint] published=C:\Users\ziyad\GeckoBrain\models\s4_run1_seed0\checkpoints\step-1000000 steps=1000000
Eval num_timesteps=1000000, episode_reward=2489.98 +/- 137.26
Episode length: 1000.00 +/- 0.00
-----------------------------------------
| eval/                   |             |
|    mean_ep_length       | 1e+03       |
|    mean_reward          | 2.49e+03    |
| time/                   |             |
|    total_timesteps      | 1000000     |
| train/                  |             |
|    approx_kl            | 0.015701964 |
|    clip_fraction        | 0.203       |
|    clip_range           | 0.2         |
|    entropy_loss         | -35.3       |
|    explained_variance   | 0.842       |
|    learning_rate        | 0.0003      |
|    loss                 | -0.183      |
|    n_updates            | 300         |
|    policy_gradient_loss | -0.0312     |
|    std                  | 0.993       |
|    value_loss           | 0.0146      |
-----------------------------------------
New best mean reward!
---------------------------------
| rollout/           |          |
|    ep_len_mean     | 1e+03    |
|    ep_rew_mean     | 2.12e+03 |
| time/              |          |
|    fps             | 598      |
|    iterations      | 31       |
|    time_elapsed    | 1698     |
|    total_timesteps | 1015808  |
---------------------------------
-----------------------------------------
| rollout/                |             |
|    ep_len_mean          | 1e+03       |
|    ep_rew_mean          | 2.15e+03    |
| time/                   |             |
|    fps                  | 601         |
|    iterations           | 32          |
|    time_elapsed         | 1742        |
|    total_timesteps      | 1048576     |
| train/                  |             |
|    approx_kl            | 0.016175278 |
|    clip_fraction        | 0.211       |
|    clip_range           | 0.2         |
|    entropy_loss         | -35.3       |
|    explained_variance   | 0.844       |
|    learning_rate        | 0.0003      |
|    loss                 | -0.184      |
|    n_updates            | 310         |
|    policy_gradient_loss | -0.0322     |
|    std                  | 0.993       |
|    value_loss           | 0.0146      |
-----------------------------------------
-----------------------------------------
| rollout/                |             |
|    ep_len_mean          | 1e+03       |
|    ep_rew_mean          | 2.17e+03    |
| time/                   |             |
|    fps                  | 605         |
|    iterations           | 33          |
|    time_elapsed         | 1786        |
|    total_timesteps      | 1081344     |
| train/                  |             |
|    approx_kl            | 0.015948966 |
|    clip_fraction        | 0.21        |
|    clip_range           | 0.2         |
|    entropy_loss         | -35.3       |
|    explained_variance   | 0.851       |
|    learning_rate        | 0.0003      |
|    loss                 | -0.18       |
|    n_updates            | 320         |
|    policy_gradient_loss | -0.0319     |
|    std                  | 0.994       |
|    value_loss           | 0.0145      |
-----------------------------------------
[checkpoint] published=C:\Users\ziyad\GeckoBrain\models\s4_run1_seed0\checkpoints\step-1100000 steps=1100000
Eval num_timesteps=1100000, episode_reward=2425.79 +/- 78.16
Episode length: 1000.00 +/- 0.00
-----------------------------------------
| eval/                   |             |
|    mean_ep_length       | 1e+03       |
|    mean_reward          | 2.43e+03    |
| time/                   |             |
|    total_timesteps      | 1100000     |
| train/                  |             |
|    approx_kl            | 0.015761198 |
|    clip_fraction        | 0.209       |
|    clip_range           | 0.2         |
|    entropy_loss         | -35.3       |
|    explained_variance   | 0.858       |
|    learning_rate        | 0.0003      |
|    loss                 | -0.182      |
|    n_updates            | 330         |
|    policy_gradient_loss | -0.0311     |
|    std                  | 0.994       |
|    value_loss           | 0.0145      |
-----------------------------------------
---------------------------------
| rollout/           |          |
|    ep_len_mean     | 1e+03    |
|    ep_rew_mean     | 2.18e+03 |
| time/              |          |
|    fps             | 599      |
|    iterations      | 34       |
|    time_elapsed    | 1857     |
|    total_timesteps | 1114112  |
---------------------------------
----------------------------------------
| rollout/                |            |
|    ep_len_mean          | 1e+03      |
|    ep_rew_mean          | 2.18e+03   |
| time/                   |            |
|    fps                  | 603        |
|    iterations           | 35         |
|    time_elapsed         | 1901       |
|    total_timesteps      | 1146880    |
| train/                  |            |
|    approx_kl            | 0.01653254 |
|    clip_fraction        | 0.217      |
|    clip_range           | 0.2        |
|    entropy_loss         | -35.3      |
|    explained_variance   | 0.85       |
|    learning_rate        | 0.0003     |
|    loss                 | -0.185     |
|    n_updates            | 340        |
|    policy_gradient_loss | -0.0323    |
|    std                  | 0.993      |
|    value_loss           | 0.0133     |
----------------------------------------
-----------------------------------------
| rollout/                |             |
|    ep_len_mean          | 1e+03       |
|    ep_rew_mean          | 2.2e+03     |
| time/                   |             |
|    fps                  | 606         |
|    iterations           | 36          |
|    time_elapsed         | 1945        |
|    total_timesteps      | 1179648     |
| train/                  |             |
|    approx_kl            | 0.016016524 |
|    clip_fraction        | 0.218       |
|    clip_range           | 0.2         |
|    entropy_loss         | -35.3       |
|    explained_variance   | 0.872       |
|    learning_rate        | 0.0003      |
|    loss                 | -0.185      |
|    n_updates            | 350         |
|    policy_gradient_loss | -0.0323     |
|    std                  | 0.992       |
|    value_loss           | 0.0138      |
-----------------------------------------
[checkpoint] published=C:\Users\ziyad\GeckoBrain\models\s4_run1_seed0\checkpoints\step-1200000 steps=1200000
Eval num_timesteps=1200000, episode_reward=2491.81 +/- 73.37
Episode length: 1000.00 +/- 0.00
-----------------------------------------
| eval/                   |             |
|    mean_ep_length       | 1e+03       |
|    mean_reward          | 2.49e+03    |
| time/                   |             |
|    total_timesteps      | 1200000     |
| train/                  |             |
|    approx_kl            | 0.015553163 |
|    clip_fraction        | 0.204       |
|    clip_range           | 0.2         |
|    entropy_loss         | -35.3       |
|    explained_variance   | 0.86        |
|    learning_rate        | 0.0003      |
|    loss                 | -0.183      |
|    n_updates            | 360         |
|    policy_gradient_loss | -0.0317     |
|    std                  | 0.992       |
|    value_loss           | 0.0148      |
-----------------------------------------
New best mean reward!
---------------------------------
| rollout/           |          |
|    ep_len_mean     | 1e+03    |
|    ep_rew_mean     | 2.22e+03 |
| time/              |          |
|    fps             | 599      |
|    iterations      | 37       |
|    time_elapsed    | 2020     |
|    total_timesteps | 1212416  |
---------------------------------
-----------------------------------------
| rollout/                |             |
|    ep_len_mean          | 1e+03       |
|    ep_rew_mean          | 2.23e+03    |
| time/                   |             |
|    fps                  | 603         |
|    iterations           | 38          |
|    time_elapsed         | 2064        |
|    total_timesteps      | 1245184     |
| train/                  |             |
|    approx_kl            | 0.016384603 |
|    clip_fraction        | 0.217       |
|    clip_range           | 0.2         |
|    entropy_loss         | -35.2       |
|    explained_variance   | 0.867       |
|    learning_rate        | 0.0003      |
|    loss                 | -0.183      |
|    n_updates            | 370         |
|    policy_gradient_loss | -0.032      |
|    std                  | 0.991       |
|    value_loss           | 0.0134      |
-----------------------------------------
-----------------------------------------
| rollout/                |             |
|    ep_len_mean          | 1e+03       |
|    ep_rew_mean          | 2.26e+03    |
| time/                   |             |
|    fps                  | 606         |
|    iterations           | 39          |
|    time_elapsed         | 2107        |
|    total_timesteps      | 1277952     |
| train/                  |             |
|    approx_kl            | 0.016310923 |
|    clip_fraction        | 0.215       |
|    clip_range           | 0.2         |
|    entropy_loss         | -35.2       |
|    explained_variance   | 0.858       |
|    learning_rate        | 0.0003      |
|    loss                 | -0.183      |
|    n_updates            | 380         |
|    policy_gradient_loss | -0.0315     |
|    std                  | 0.992       |
|    value_loss           | 0.0158      |
-----------------------------------------
[checkpoint] published=C:\Users\ziyad\GeckoBrain\models\s4_run1_seed0\checkpoints\step-1300000 steps=1300000
Eval num_timesteps=1300000, episode_reward=2609.29 +/- 97.29
Episode length: 1000.00 +/- 0.00
-----------------------------------------
| eval/                   |             |
|    mean_ep_length       | 1e+03       |
|    mean_reward          | 2.61e+03    |
| time/                   |             |
|    total_timesteps      | 1300000     |
| train/                  |             |
|    approx_kl            | 0.016284192 |
|    clip_fraction        | 0.214       |
|    clip_range           | 0.2         |
|    entropy_loss         | -35.2       |
|    explained_variance   | 0.858       |
|    learning_rate        | 0.0003      |
|    loss                 | -0.182      |
|    n_updates            | 390         |
|    policy_gradient_loss | -0.0316     |
|    std                  | 0.991       |
|    value_loss           | 0.0143      |
-----------------------------------------
New best mean reward!
---------------------------------
| rollout/           |          |
|    ep_len_mean     | 1e+03    |
|    ep_rew_mean     | 2.28e+03 |
| time/              |          |
|    fps             | 601      |
|    iterations      | 40       |
|    time_elapsed    | 2178     |
|    total_timesteps | 1310720  |
---------------------------------
-----------------------------------------
| rollout/                |             |
|    ep_len_mean          | 1e+03       |
|    ep_rew_mean          | 2.3e+03     |
| time/                   |             |
|    fps                  | 604         |
|    iterations           | 41          |
|    time_elapsed         | 2223        |
|    total_timesteps      | 1343488     |
| train/                  |             |
|    approx_kl            | 0.016132845 |
|    clip_fraction        | 0.21        |
|    clip_range           | 0.2         |
|    entropy_loss         | -35.2       |
|    explained_variance   | 0.871       |
|    learning_rate        | 0.0003      |
|    loss                 | -0.189      |
|    n_updates            | 400         |
|    policy_gradient_loss | -0.0327     |
|    std                  | 0.992       |
|    value_loss           | 0.0125      |
-----------------------------------------
-----------------------------------------
| rollout/                |             |
|    ep_len_mean          | 1e+03       |
|    ep_rew_mean          | 2.31e+03    |
| time/                   |             |
|    fps                  | 606         |
|    iterations           | 42          |
|    time_elapsed         | 2268        |
|    total_timesteps      | 1376256     |
| train/                  |             |
|    approx_kl            | 0.016526885 |
|    clip_fraction        | 0.214       |
|    clip_range           | 0.2         |
|    entropy_loss         | -35.2       |
|    explained_variance   | 0.871       |
|    learning_rate        | 0.0003      |
|    loss                 | -0.183      |
|    n_updates            | 410         |
|    policy_gradient_loss | -0.032      |
|    std                  | 0.991       |
|    value_loss           | 0.013       |
-----------------------------------------
[checkpoint] published=C:\Users\ziyad\GeckoBrain\models\s4_run1_seed0\checkpoints\step-1400000 steps=1400000
Eval num_timesteps=1400000, episode_reward=2647.05 +/- 88.56
Episode length: 1000.00 +/- 0.00
-----------------------------------------
| eval/                   |             |
|    mean_ep_length       | 1e+03       |
|    mean_reward          | 2.65e+03    |
| time/                   |             |
|    total_timesteps      | 1400000     |
| train/                  |             |
|    approx_kl            | 0.016624086 |
|    clip_fraction        | 0.22        |
|    clip_range           | 0.2         |
|    entropy_loss         | -35.2       |
|    explained_variance   | 0.876       |
|    learning_rate        | 0.0003      |
|    loss                 | -0.185      |
|    n_updates            | 420         |
|    policy_gradient_loss | -0.0323     |
|    std                  | 0.992       |
|    value_loss           | 0.0126      |
-----------------------------------------
New best mean reward!
---------------------------------
| rollout/           |          |
|    ep_len_mean     | 1e+03    |
|    ep_rew_mean     | 2.31e+03 |
| time/              |          |
|    fps             | 601      |
|    iterations      | 43       |
|    time_elapsed    | 2341     |
|    total_timesteps | 1409024  |
---------------------------------
-----------------------------------------
| rollout/                |             |
|    ep_len_mean          | 1e+03       |
|    ep_rew_mean          | 2.32e+03    |
| time/                   |             |
|    fps                  | 604         |
|    iterations           | 44          |
|    time_elapsed         | 2384        |
|    total_timesteps      | 1441792     |
| train/                  |             |
|    approx_kl            | 0.016235942 |
|    clip_fraction        | 0.211       |
|    clip_range           | 0.2         |
|    entropy_loss         | -35.2       |
|    explained_variance   | 0.888       |
|    learning_rate        | 0.0003      |
|    loss                 | -0.186      |
|    n_updates            | 430         |
|    policy_gradient_loss | -0.0315     |
|    std                  | 0.991       |
|    value_loss           | 0.0139      |
-----------------------------------------
-----------------------------------------
| rollout/                |             |
|    ep_len_mean          | 1e+03       |
|    ep_rew_mean          | 2.33e+03    |
| time/                   |             |
|    fps                  | 607         |
|    iterations           | 45          |
|    time_elapsed         | 2426        |
|    total_timesteps      | 1474560     |
| train/                  |             |
|    approx_kl            | 0.016793944 |
|    clip_fraction        | 0.219       |
|    clip_range           | 0.2         |
|    entropy_loss         | -35.2       |
|    explained_variance   | 0.88        |
|    learning_rate        | 0.0003      |
|    loss                 | -0.185      |
|    n_updates            | 440         |
|    policy_gradient_loss | -0.0329     |
|    std                  | 0.99        |
|    value_loss           | 0.0125      |
-----------------------------------------
[checkpoint] published=C:\Users\ziyad\GeckoBrain\models\s4_run1_seed0\checkpoints\step-1500000 steps=1500000
Eval num_timesteps=1500000, episode_reward=2664.15 +/- 48.32
Episode length: 1000.00 +/- 0.00
-----------------------------------------
| eval/                   |             |
|    mean_ep_length       | 1e+03       |
|    mean_reward          | 2.66e+03    |
| time/                   |             |
|    total_timesteps      | 1500000     |
| train/                  |             |
|    approx_kl            | 0.017042361 |
|    clip_fraction        | 0.213       |
|    clip_range           | 0.2         |
|    entropy_loss         | -35.2       |
|    explained_variance   | 0.881       |
|    learning_rate        | 0.0003      |
|    loss                 | -0.186      |
|    n_updates            | 450         |
|    policy_gradient_loss | -0.0326     |
|    std                  | 0.99        |
|    value_loss           | 0.0118      |
-----------------------------------------
New best mean reward!
---------------------------------
| rollout/           |          |
|    ep_len_mean     | 1e+03    |
|    ep_rew_mean     | 2.35e+03 |
| time/              |          |
|    fps             | 604      |
|    iterations      | 46       |
|    time_elapsed    | 2495     |
|    total_timesteps | 1507328  |
---------------------------------
----------------------------------------
| rollout/                |            |
|    ep_len_mean          | 1e+03      |
|    ep_rew_mean          | 2.37e+03   |
| time/                   |            |
|    fps                  | 606        |
|    iterations           | 47         |
|    time_elapsed         | 2537       |
|    total_timesteps      | 1540096    |
| train/                  |            |
|    approx_kl            | 0.01717969 |
|    clip_fraction        | 0.221      |
|    clip_range           | 0.2        |
|    entropy_loss         | -35.2      |
|    explained_variance   | 0.881      |
|    learning_rate        | 0.0003     |
|    loss                 | -0.184     |
|    n_updates            | 460        |
|    policy_gradient_loss | -0.0322    |
|    std                  | 0.99       |
|    value_loss           | 0.0126     |
----------------------------------------
-----------------------------------------
| rollout/                |             |
|    ep_len_mean          | 1e+03       |
|    ep_rew_mean          | 2.39e+03    |
| time/                   |             |
|    fps                  | 608         |
|    iterations           | 48          |
|    time_elapsed         | 2583        |
|    total_timesteps      | 1572864     |
| train/                  |             |
|    approx_kl            | 0.016832493 |
|    clip_fraction        | 0.218       |
|    clip_range           | 0.2         |
|    entropy_loss         | -35.2       |
|    explained_variance   | 0.866       |
|    learning_rate        | 0.0003      |
|    loss                 | -0.187      |
|    n_updates            | 470         |
|    policy_gradient_loss | -0.0319     |
|    std                  | 0.989       |
|    value_loss           | 0.013       |
-----------------------------------------
[checkpoint] published=C:\Users\ziyad\GeckoBrain\models\s4_run1_seed0\checkpoints\step-1600000 steps=1600000
Eval num_timesteps=1600000, episode_reward=2770.04 +/- 134.71
Episode length: 1000.00 +/- 0.00
-----------------------------------------
| eval/                   |             |
|    mean_ep_length       | 1e+03       |
|    mean_reward          | 2.77e+03    |
| time/                   |             |
|    total_timesteps      | 1600000     |
| train/                  |             |
|    approx_kl            | 0.016266825 |
|    clip_fraction        | 0.216       |
|    clip_range           | 0.2         |
|    entropy_loss         | -35.2       |
|    explained_variance   | 0.884       |
|    learning_rate        | 0.0003      |
|    loss                 | -0.186      |
|    n_updates            | 480         |
|    policy_gradient_loss | -0.0318     |
|    std                  | 0.989       |
|    value_loss           | 0.0118      |
-----------------------------------------
New best mean reward!
---------------------------------
| rollout/           |          |
|    ep_len_mean     | 1e+03    |
|    ep_rew_mean     | 2.42e+03 |
| time/              |          |
|    fps             | 604      |
|    iterations      | 49       |
|    time_elapsed    | 2656     |
|    total_timesteps | 1605632  |
---------------------------------
-----------------------------------------
| rollout/                |             |
|    ep_len_mean          | 1e+03       |
|    ep_rew_mean          | 2.43e+03    |
| time/                   |             |
|    fps                  | 607         |
|    iterations           | 50          |
|    time_elapsed         | 2698        |
|    total_timesteps      | 1638400     |
| train/                  |             |
|    approx_kl            | 0.016446538 |
|    clip_fraction        | 0.215       |
|    clip_range           | 0.2         |
|    entropy_loss         | -35.1       |
|    explained_variance   | 0.875       |
|    learning_rate        | 0.0003      |
|    loss                 | -0.185      |
|    n_updates            | 490         |
|    policy_gradient_loss | -0.0319     |
|    std                  | 0.989       |
|    value_loss           | 0.0128      |
-----------------------------------------
-----------------------------------------
| rollout/                |             |
|    ep_len_mean          | 1e+03       |
|    ep_rew_mean          | 2.44e+03    |
| time/                   |             |
|    fps                  | 609         |
|    iterations           | 51          |
|    time_elapsed         | 2739        |
|    total_timesteps      | 1671168     |
| train/                  |             |
|    approx_kl            | 0.017944185 |
|    clip_fraction        | 0.224       |
|    clip_range           | 0.2         |
|    entropy_loss         | -35.1       |
|    explained_variance   | 0.887       |
|    learning_rate        | 0.0003      |
|    loss                 | -0.183      |
|    n_updates            | 500         |
|    policy_gradient_loss | -0.032      |
|    std                  | 0.989       |
|    value_loss           | 0.0119      |
-----------------------------------------
[checkpoint] published=C:\Users\ziyad\GeckoBrain\models\s4_run1_seed0\checkpoints\step-1700000 steps=1700000
Eval num_timesteps=1700000, episode_reward=2896.86 +/- 136.93
Episode length: 1000.00 +/- 0.00
----------------------------------------
| eval/                   |            |
|    mean_ep_length       | 1e+03      |
|    mean_reward          | 2.9e+03    |
| time/                   |            |
|    total_timesteps      | 1700000    |
| train/                  |            |
|    approx_kl            | 0.01737259 |
|    clip_fraction        | 0.226      |
|    clip_range           | 0.2        |
|    entropy_loss         | -35.1      |
|    explained_variance   | 0.87       |
|    learning_rate        | 0.0003     |
|    loss                 | -0.186     |
|    n_updates            | 510        |
|    policy_gradient_loss | -0.0327    |
|    std                  | 0.987      |
|    value_loss           | 0.0125     |
----------------------------------------
New best mean reward!
---------------------------------
| rollout/           |          |
|    ep_len_mean     | 1e+03    |
|    ep_rew_mean     | 2.45e+03 |
| time/              |          |
|    fps             | 606      |
|    iterations      | 52       |
|    time_elapsed    | 2809     |
|    total_timesteps | 1703936  |
---------------------------------
-----------------------------------------
| rollout/                |             |
|    ep_len_mean          | 1e+03       |
|    ep_rew_mean          | 2.47e+03    |
| time/                   |             |
|    fps                  | 608         |
|    iterations           | 53          |
|    time_elapsed         | 2852        |
|    total_timesteps      | 1736704     |
| train/                  |             |
|    approx_kl            | 0.017319765 |
|    clip_fraction        | 0.225       |
|    clip_range           | 0.2         |
|    entropy_loss         | -35.1       |
|    explained_variance   | 0.88        |
|    learning_rate        | 0.0003      |
|    loss                 | -0.185      |
|    n_updates            | 520         |
|    policy_gradient_loss | -0.0317     |
|    std                  | 0.988       |
|    value_loss           | 0.0127      |
-----------------------------------------
----------------------------------------
| rollout/                |            |
|    ep_len_mean          | 1e+03      |
|    ep_rew_mean          | 2.48e+03   |
| time/                   |            |
|    fps                  | 611        |
|    iterations           | 54         |
|    time_elapsed         | 2895       |
|    total_timesteps      | 1769472    |
| train/                  |            |
|    approx_kl            | 0.01734159 |
|    clip_fraction        | 0.218      |
|    clip_range           | 0.2        |
|    entropy_loss         | -35.1      |
|    explained_variance   | 0.872      |
|    learning_rate        | 0.0003     |
|    loss                 | -0.186     |
|    n_updates            | 530        |
|    policy_gradient_loss | -0.0321    |
|    std                  | 0.988      |
|    value_loss           | 0.0126     |
----------------------------------------
[checkpoint] published=C:\Users\ziyad\GeckoBrain\models\s4_run1_seed0\checkpoints\step-1800000 steps=1800000
Eval num_timesteps=1800000, episode_reward=2817.18 +/- 88.58
Episode length: 1000.00 +/- 0.00
-----------------------------------------
| eval/                   |             |
|    mean_ep_length       | 1e+03       |
|    mean_reward          | 2.82e+03    |
| time/                   |             |
|    total_timesteps      | 1800000     |
| train/                  |             |
|    approx_kl            | 0.017681394 |
|    clip_fraction        | 0.222       |
|    clip_range           | 0.2         |
|    entropy_loss         | -35.1       |
|    explained_variance   | 0.888       |
|    learning_rate        | 0.0003      |
|    loss                 | -0.187      |
|    n_updates            | 540         |
|    policy_gradient_loss | -0.0321     |
|    std                  | 0.988       |
|    value_loss           | 0.0121      |
-----------------------------------------
---------------------------------
| rollout/           |          |
|    ep_len_mean     | 1e+03    |
|    ep_rew_mean     | 2.49e+03 |
| time/              |          |
|    fps             | 607      |
|    iterations      | 55       |
|    time_elapsed    | 2967     |
|    total_timesteps | 1802240  |
---------------------------------
-----------------------------------------
| rollout/                |             |
|    ep_len_mean          | 1e+03       |
|    ep_rew_mean          | 2.5e+03     |
| time/                   |             |
|    fps                  | 609         |
|    iterations           | 56          |
|    time_elapsed         | 3010        |
|    total_timesteps      | 1835008     |
| train/                  |             |
|    approx_kl            | 0.016962487 |
|    clip_fraction        | 0.219       |
|    clip_range           | 0.2         |
|    entropy_loss         | -35.1       |
|    explained_variance   | 0.883       |
|    learning_rate        | 0.0003      |
|    loss                 | -0.184      |
|    n_updates            | 550         |
|    policy_gradient_loss | -0.0304     |
|    std                  | 0.988       |
|    value_loss           | 0.012       |
-----------------------------------------
-----------------------------------------
| rollout/                |             |
|    ep_len_mean          | 1e+03       |
|    ep_rew_mean          | 2.52e+03    |
| time/                   |             |
|    fps                  | 611         |
|    iterations           | 57          |
|    time_elapsed         | 3053        |
|    total_timesteps      | 1867776     |
| train/                  |             |
|    approx_kl            | 0.017432518 |
|    clip_fraction        | 0.222       |
|    clip_range           | 0.2         |
|    entropy_loss         | -35.1       |
|    explained_variance   | 0.88        |
|    learning_rate        | 0.0003      |
|    loss                 | -0.184      |
|    n_updates            | 560         |
|    policy_gradient_loss | -0.0333     |
|    std                  | 0.987       |
|    value_loss           | 0.0115      |
-----------------------------------------
[checkpoint] published=C:\Users\ziyad\GeckoBrain\models\s4_run1_seed0\checkpoints\step-1900000 steps=1900000
Eval num_timesteps=1900000, episode_reward=2868.66 +/- 92.75
Episode length: 1000.00 +/- 0.00
----------------------------------------
| eval/                   |            |
|    mean_ep_length       | 1e+03      |
|    mean_reward          | 2.87e+03   |
| time/                   |            |
|    total_timesteps      | 1900000    |
| train/                  |            |
|    approx_kl            | 0.01749162 |
|    clip_fraction        | 0.225      |
|    clip_range           | 0.2        |
|    entropy_loss         | -35.1      |
|    explained_variance   | 0.891      |
|    learning_rate        | 0.0003     |
|    loss                 | -0.187     |
|    n_updates            | 570        |
|    policy_gradient_loss | -0.0335    |
|    std                  | 0.987      |
|    value_loss           | 0.00925    |
----------------------------------------
---------------------------------
| rollout/           |          |
|    ep_len_mean     | 1e+03    |
|    ep_rew_mean     | 2.53e+03 |
| time/              |          |
|    fps             | 607      |
|    iterations      | 58       |
|    time_elapsed    | 3127     |
|    total_timesteps | 1900544  |
---------------------------------
-----------------------------------------
| rollout/                |             |
|    ep_len_mean          | 1e+03       |
|    ep_rew_mean          | 2.54e+03    |
| time/                   |             |
|    fps                  | 610         |
|    iterations           | 59          |
|    time_elapsed         | 3168        |
|    total_timesteps      | 1933312     |
| train/                  |             |
|    approx_kl            | 0.019295681 |
|    clip_fraction        | 0.238       |
|    clip_range           | 0.2         |
|    entropy_loss         | -35.1       |
|    explained_variance   | 0.885       |
|    learning_rate        | 0.0003      |
|    loss                 | -0.186      |
|    n_updates            | 580         |
|    policy_gradient_loss | -0.0329     |
|    std                  | 0.987       |
|    value_loss           | 0.0126      |
-----------------------------------------
-----------------------------------------
| rollout/                |             |
|    ep_len_mean          | 1e+03       |
|    ep_rew_mean          | 2.55e+03    |
| time/                   |             |
|    fps                  | 612         |
|    iterations           | 60          |
|    time_elapsed         | 3211        |
|    total_timesteps      | 1966080     |
| train/                  |             |
|    approx_kl            | 0.018365365 |
|    clip_fraction        | 0.227       |
|    clip_range           | 0.2         |
|    entropy_loss         | -35.1       |
|    explained_variance   | 0.87        |
|    learning_rate        | 0.0003      |
|    loss                 | -0.185      |
|    n_updates            | 590         |
|    policy_gradient_loss | -0.032      |
|    std                  | 0.987       |
|    value_loss           | 0.0119      |
-----------------------------------------
-----------------------------------------
| rollout/                |             |
|    ep_len_mean          | 1e+03       |
|    ep_rew_mean          | 2.57e+03    |
| time/                   |             |
|    fps                  | 614         |
|    iterations           | 61          |
|    time_elapsed         | 3253        |
|    total_timesteps      | 1998848     |
| train/                  |             |
|    approx_kl            | 0.017495753 |
|    clip_fraction        | 0.224       |
|    clip_range           | 0.2         |
|    entropy_loss         | -35.1       |
|    explained_variance   | 0.879       |
|    learning_rate        | 0.0003      |
|    loss                 | -0.188      |
|    n_updates            | 600         |
|    policy_gradient_loss | -0.033      |
|    std                  | 0.986       |
|    value_loss           | 0.012       |
-----------------------------------------
[checkpoint] published=C:\Users\ziyad\GeckoBrain\models\s4_run1_seed0\checkpoints\step-2000000 steps=2000000
Eval num_timesteps=2000000, episode_reward=2936.68 +/- 51.00
Episode length: 1000.00 +/- 0.00
-----------------------------------------
| eval/                   |             |
|    mean_ep_length       | 1e+03       |
|    mean_reward          | 2.94e+03    |
| time/                   |             |
|    total_timesteps      | 2000000     |
| train/                  |             |
|    approx_kl            | 0.017292477 |
|    clip_fraction        | 0.223       |
|    clip_range           | 0.2         |
|    entropy_loss         | -35.1       |
|    explained_variance   | 0.869       |
|    learning_rate        | 0.0003      |
|    loss                 | -0.186      |
|    n_updates            | 610         |
|    policy_gradient_loss | -0.0313     |
|    std                  | 0.986       |
|    value_loss           | 0.0124      |
-----------------------------------------
New best mean reward!
---------------------------------
| rollout/           |          |
|    ep_len_mean     | 1e+03    |
|    ep_rew_mean     | 2.6e+03  |
| time/              |          |
|    fps             | 611      |
|    iterations      | 62       |
|    time_elapsed    | 3323     |
|    total_timesteps | 2031616  |
---------------------------------
-----------------------------------------
| rollout/                |             |
|    ep_len_mean          | 1e+03       |
|    ep_rew_mean          | 2.61e+03    |
| time/                   |             |
|    fps                  | 613         |
|    iterations           | 63          |
|    time_elapsed         | 3367        |
|    total_timesteps      | 2064384     |
| train/                  |             |
|    approx_kl            | 0.018233625 |
|    clip_fraction        | 0.234       |
|    clip_range           | 0.2         |
|    entropy_loss         | -35.1       |
|    explained_variance   | 0.871       |
|    learning_rate        | 0.0003      |
|    loss                 | -0.184      |
|    n_updates            | 620         |
|    policy_gradient_loss | -0.0334     |
|    std                  | 0.987       |
|    value_loss           | 0.0113      |
-----------------------------------------
-----------------------------------------
| rollout/                |             |
|    ep_len_mean          | 1e+03       |
|    ep_rew_mean          | 2.61e+03    |
| time/                   |             |
|    fps                  | 615         |
|    iterations           | 64          |
|    time_elapsed         | 3409        |
|    total_timesteps      | 2097152     |
| train/                  |             |
|    approx_kl            | 0.019238172 |
|    clip_fraction        | 0.238       |
|    clip_range           | 0.2         |
|    entropy_loss         | -35.1       |
|    explained_variance   | 0.893       |
|    learning_rate        | 0.0003      |
|    loss                 | -0.185      |
|    n_updates            | 630         |
|    policy_gradient_loss | -0.0326     |
|    std                  | 0.986       |
|    value_loss           | 0.0117      |
-----------------------------------------
[checkpoint] published=C:\Users\ziyad\GeckoBrain\models\s4_run1_seed0\checkpoints\step-2100000 steps=2100000
Eval num_timesteps=2100000, episode_reward=2979.74 +/- 67.28
Episode length: 1000.00 +/- 0.00
-----------------------------------------
| eval/                   |             |
|    mean_ep_length       | 1e+03       |
|    mean_reward          | 2.98e+03    |
| time/                   |             |
|    total_timesteps      | 2100000     |
| train/                  |             |
|    approx_kl            | 0.017310338 |
|    clip_fraction        | 0.227       |
|    clip_range           | 0.2         |
|    entropy_loss         | -35.1       |
|    explained_variance   | 0.867       |
|    learning_rate        | 0.0003      |
|    loss                 | -0.189      |
|    n_updates            | 640         |
|    policy_gradient_loss | -0.0328     |
|    std                  | 0.987       |
|    value_loss           | 0.0124      |
-----------------------------------------
New best mean reward!
---------------------------------
| rollout/           |          |
|    ep_len_mean     | 1e+03    |
|    ep_rew_mean     | 2.63e+03 |
| time/              |          |
|    fps             | 611      |
|    iterations      | 65       |
|    time_elapsed    | 3481     |
|    total_timesteps | 2129920  |
---------------------------------
-----------------------------------------
| rollout/                |             |
|    ep_len_mean          | 1e+03       |
|    ep_rew_mean          | 2.63e+03    |
| time/                   |             |
|    fps                  | 613         |
|    iterations           | 66          |
|    time_elapsed         | 3525        |
|    total_timesteps      | 2162688     |
| train/                  |             |
|    approx_kl            | 0.018055804 |
|    clip_fraction        | 0.232       |
|    clip_range           | 0.2         |
|    entropy_loss         | -35.1       |
|    explained_variance   | 0.878       |
|    learning_rate        | 0.0003      |
|    loss                 | -0.187      |
|    n_updates            | 650         |
|    policy_gradient_loss | -0.0331     |
|    std                  | 0.987       |
|    value_loss           | 0.011       |
-----------------------------------------
----------------------------------------
| rollout/                |            |
|    ep_len_mean          | 1e+03      |
|    ep_rew_mean          | 2.63e+03   |
| time/                   |            |
|    fps                  | 615        |
|    iterations           | 67         |
|    time_elapsed         | 3568       |
|    total_timesteps      | 2195456    |
| train/                  |            |
|    approx_kl            | 0.01884804 |
|    clip_fraction        | 0.235      |
|    clip_range           | 0.2        |
|    entropy_loss         | -35.1      |
|    explained_variance   | 0.89       |
|    learning_rate        | 0.0003     |
|    loss                 | -0.189     |
|    n_updates            | 660        |
|    policy_gradient_loss | -0.0334    |
|    std                  | 0.987      |
|    value_loss           | 0.0101     |
----------------------------------------
[checkpoint] published=C:\Users\ziyad\GeckoBrain\models\s4_run1_seed0\checkpoints\step-2200000 steps=2200000
Eval num_timesteps=2200000, episode_reward=3108.16 +/- 141.88
Episode length: 1000.00 +/- 0.00
-----------------------------------------
| eval/                   |             |
|    mean_ep_length       | 1e+03       |
|    mean_reward          | 3.11e+03    |
| time/                   |             |
|    total_timesteps      | 2200000     |
| train/                  |             |
|    approx_kl            | 0.018152084 |
|    clip_fraction        | 0.234       |
|    clip_range           | 0.2         |
|    entropy_loss         | -35.1       |
|    explained_variance   | 0.879       |
|    learning_rate        | 0.0003      |
|    loss                 | -0.184      |
|    n_updates            | 670         |
|    policy_gradient_loss | -0.0325     |
|    std                  | 0.987       |
|    value_loss           | 0.0122      |
-----------------------------------------
New best mean reward!
---------------------------------
| rollout/           |          |
|    ep_len_mean     | 1e+03    |
|    ep_rew_mean     | 2.62e+03 |
| time/              |          |
|    fps             | 612      |
|    iterations      | 68       |
|    time_elapsed    | 3638     |
|    total_timesteps | 2228224  |
---------------------------------
-----------------------------------------
| rollout/                |             |
|    ep_len_mean          | 1e+03       |
|    ep_rew_mean          | 2.64e+03    |
| time/                   |             |
|    fps                  | 614         |
|    iterations           | 69          |
|    time_elapsed         | 3681        |
|    total_timesteps      | 2260992     |
| train/                  |             |
|    approx_kl            | 0.018809013 |
|    clip_fraction        | 0.234       |
|    clip_range           | 0.2         |
|    entropy_loss         | -35.1       |
|    explained_variance   | 0.885       |
|    learning_rate        | 0.0003      |
|    loss                 | -0.185      |
|    n_updates            | 680         |
|    policy_gradient_loss | -0.0324     |
|    std                  | 0.987       |
|    value_loss           | 0.0112      |
-----------------------------------------
-----------------------------------------
| rollout/                |             |
|    ep_len_mean          | 1e+03       |
|    ep_rew_mean          | 2.67e+03    |
| time/                   |             |
|    fps                  | 615         |
|    iterations           | 70          |
|    time_elapsed         | 3726        |
|    total_timesteps      | 2293760     |
| train/                  |             |
|    approx_kl            | 0.018657854 |
|    clip_fraction        | 0.235       |
|    clip_range           | 0.2         |
|    entropy_loss         | -35.1       |
|    explained_variance   | 0.877       |
|    learning_rate        | 0.0003      |
|    loss                 | -0.186      |
|    n_updates            | 690         |
|    policy_gradient_loss | -0.0322     |
|    std                  | 0.988       |
|    value_loss           | 0.0121      |
-----------------------------------------
[checkpoint] published=C:\Users\ziyad\GeckoBrain\models\s4_run1_seed0\checkpoints\step-2300000 steps=2300000
Eval num_timesteps=2300000, episode_reward=2940.48 +/- 108.00
Episode length: 1000.00 +/- 0.00
-----------------------------------------
| eval/                   |             |
|    mean_ep_length       | 1e+03       |
|    mean_reward          | 2.94e+03    |
| time/                   |             |
|    total_timesteps      | 2300000     |
| train/                  |             |
|    approx_kl            | 0.017814737 |
|    clip_fraction        | 0.231       |
|    clip_range           | 0.2         |
|    entropy_loss         | -35.1       |
|    explained_variance   | 0.876       |
|    learning_rate        | 0.0003      |
|    loss                 | -0.185      |
|    n_updates            | 700         |
|    policy_gradient_loss | -0.0313     |
|    std                  | 0.988       |
|    value_loss           | 0.0106      |
-----------------------------------------
---------------------------------
| rollout/           |          |
|    ep_len_mean     | 1e+03    |
|    ep_rew_mean     | 2.69e+03 |
| time/              |          |
|    fps             | 612      |
|    iterations      | 71       |
|    time_elapsed    | 3796     |
|    total_timesteps | 2326528  |
---------------------------------
-----------------------------------------
| rollout/                |             |
|    ep_len_mean          | 1e+03       |
|    ep_rew_mean          | 2.69e+03    |
| time/                   |             |
|    fps                  | 614         |
|    iterations           | 72          |
|    time_elapsed         | 3839        |
|    total_timesteps      | 2359296     |
| train/                  |             |
|    approx_kl            | 0.019124944 |
|    clip_fraction        | 0.245       |
|    clip_range           | 0.2         |
|    entropy_loss         | -35         |
|    explained_variance   | 0.876       |
|    learning_rate        | 0.0003      |
|    loss                 | -0.185      |
|    n_updates            | 710         |
|    policy_gradient_loss | -0.0321     |
|    std                  | 0.987       |
|    value_loss           | 0.0115      |
-----------------------------------------
----------------------------------------
| rollout/                |            |
|    ep_len_mean          | 1e+03      |
|    ep_rew_mean          | 2.7e+03    |
| time/                   |            |
|    fps                  | 616        |
|    iterations           | 73         |
|    time_elapsed         | 3879       |
|    total_timesteps      | 2392064    |
| train/                  |            |
|    approx_kl            | 0.01902164 |
|    clip_fraction        | 0.241      |
|    clip_range           | 0.2        |
|    entropy_loss         | -35        |
|    explained_variance   | 0.893      |
|    learning_rate        | 0.0003     |
|    loss                 | -0.183     |
|    n_updates            | 720        |
|    policy_gradient_loss | -0.0316    |
|    std                  | 0.987      |
|    value_loss           | 0.0102     |
----------------------------------------
[checkpoint] published=C:\Users\ziyad\GeckoBrain\models\s4_run1_seed0\checkpoints\step-2400000 steps=2400000
Eval num_timesteps=2400000, episode_reward=2982.88 +/- 101.76
Episode length: 1000.00 +/- 0.00
-----------------------------------------
| eval/                   |             |
|    mean_ep_length       | 1e+03       |
|    mean_reward          | 2.98e+03    |
| time/                   |             |
|    total_timesteps      | 2400000     |
| train/                  |             |
|    approx_kl            | 0.018706389 |
|    clip_fraction        | 0.24        |
|    clip_range           | 0.2         |
|    entropy_loss         | -35         |
|    explained_variance   | 0.892       |
|    learning_rate        | 0.0003      |
|    loss                 | -0.184      |
|    n_updates            | 730         |
|    policy_gradient_loss | -0.0325     |
|    std                  | 0.987       |
|    value_loss           | 0.0109      |
-----------------------------------------
---------------------------------
| rollout/           |          |
|    ep_len_mean     | 1e+03    |
|    ep_rew_mean     | 2.69e+03 |
| time/              |          |
|    fps             | 613      |
|    iterations      | 74       |
|    time_elapsed    | 3951     |
|    total_timesteps | 2424832  |
---------------------------------
-----------------------------------------
| rollout/                |             |
|    ep_len_mean          | 1e+03       |
|    ep_rew_mean          | 2.71e+03    |
| time/                   |             |
|    fps                  | 615         |
|    iterations           | 75          |
|    time_elapsed         | 3993        |
|    total_timesteps      | 2457600     |
| train/                  |             |
|    approx_kl            | 0.018898109 |
|    clip_fraction        | 0.239       |
|    clip_range           | 0.2         |
|    entropy_loss         | -35.1       |
|    explained_variance   | 0.894       |
|    learning_rate        | 0.0003      |
|    loss                 | -0.186      |
|    n_updates            | 740         |
|    policy_gradient_loss | -0.0331     |
|    std                  | 0.988       |
|    value_loss           | 0.01        |
-----------------------------------------
-----------------------------------------
| rollout/                |             |
|    ep_len_mean          | 1e+03       |
|    ep_rew_mean          | 2.71e+03    |
| time/                   |             |
|    fps                  | 616         |
|    iterations           | 76          |
|    time_elapsed         | 4036        |
|    total_timesteps      | 2490368     |
| train/                  |             |
|    approx_kl            | 0.018546246 |
|    clip_fraction        | 0.233       |
|    clip_range           | 0.2         |
|    entropy_loss         | -35.1       |
|    explained_variance   | 0.879       |
|    learning_rate        | 0.0003      |
|    loss                 | -0.187      |
|    n_updates            | 750         |
|    policy_gradient_loss | -0.032      |
|    std                  | 0.987       |
|    value_loss           | 0.0113      |
-----------------------------------------
[checkpoint] published=C:\Users\ziyad\GeckoBrain\models\s4_run1_seed0\checkpoints\step-2500000 steps=2500000
Eval num_timesteps=2500000, episode_reward=3120.13 +/- 126.41
Episode length: 1000.00 +/- 0.00
-----------------------------------------
| eval/                   |             |
|    mean_ep_length       | 1e+03       |
|    mean_reward          | 3.12e+03    |
| time/                   |             |
|    total_timesteps      | 2500000     |
| train/                  |             |
|    approx_kl            | 0.019355929 |
|    clip_fraction        | 0.24        |
|    clip_range           | 0.2         |
|    entropy_loss         | -35         |
|    explained_variance   | 0.866       |
|    learning_rate        | 0.0003      |
|    loss                 | -0.184      |
|    n_updates            | 760         |
|    policy_gradient_loss | -0.0324     |
|    std                  | 0.987       |
|    value_loss           | 0.0119      |
-----------------------------------------
New best mean reward!
---------------------------------
| rollout/           |          |
|    ep_len_mean     | 1e+03    |
|    ep_rew_mean     | 2.74e+03 |
| time/              |          |
|    fps             | 615      |
|    iterations      | 77       |
|    time_elapsed    | 4099     |
|    total_timesteps | 2523136  |
---------------------------------
-----------------------------------------
| rollout/                |             |
|    ep_len_mean          | 1e+03       |
|    ep_rew_mean          | 2.75e+03    |
| time/                   |             |
|    fps                  | 617         |
|    iterations           | 78          |
|    time_elapsed         | 4138        |
|    total_timesteps      | 2555904     |
| train/                  |             |
|    approx_kl            | 0.020291734 |
|    clip_fraction        | 0.239       |
|    clip_range           | 0.2         |
|    entropy_loss         | -35         |
|    explained_variance   | 0.872       |
|    learning_rate        | 0.0003      |
|    loss                 | -0.188      |
|    n_updates            | 770         |
|    policy_gradient_loss | -0.0341     |
|    std                  | 0.988       |
|    value_loss           | 0.00991     |
-----------------------------------------
----------------------------------------
| rollout/                |            |
|    ep_len_mean          | 1e+03      |
|    ep_rew_mean          | 2.76e+03   |
| time/                   |            |
|    fps                  | 617        |
|    iterations           | 79         |
|    time_elapsed         | 4195       |
|    total_timesteps      | 2588672    |
| train/                  |            |
|    approx_kl            | 0.01876207 |
|    clip_fraction        | 0.236      |
|    clip_range           | 0.2        |
|    entropy_loss         | -35.1      |
|    explained_variance   | 0.878      |
|    learning_rate        | 0.0003     |
|    loss                 | -0.183     |
|    n_updates            | 780        |
|    policy_gradient_loss | -0.0337    |
|    std                  | 0.989      |
|    value_loss           | 0.0103     |
----------------------------------------
[checkpoint] published=C:\Users\ziyad\GeckoBrain\models\s4_run1_seed0\checkpoints\step-2600000 steps=2600000
Eval num_timesteps=2600000, episode_reward=3044.42 +/- 192.97
Episode length: 1000.00 +/- 0.00
-----------------------------------------
| eval/                   |             |
|    mean_ep_length       | 1e+03       |
|    mean_reward          | 3.04e+03    |
| time/                   |             |
|    total_timesteps      | 2600000     |
| train/                  |             |
|    approx_kl            | 0.019646553 |
|    clip_fraction        | 0.241       |
|    clip_range           | 0.2         |
|    entropy_loss         | -35.1       |
|    explained_variance   | 0.886       |
|    learning_rate        | 0.0003      |
|    loss                 | -0.184      |
|    n_updates            | 790         |
|    policy_gradient_loss | -0.0327     |
|    std                  | 0.989       |
|    value_loss           | 0.0104      |
-----------------------------------------
---------------------------------
| rollout/           |          |
|    ep_len_mean     | 1e+03    |
|    ep_rew_mean     | 2.75e+03 |
| time/              |          |
|    fps             | 613      |
|    iterations      | 80       |
|    time_elapsed    | 4270     |
|    total_timesteps | 2621440  |
---------------------------------
-----------------------------------------
| rollout/                |             |
|    ep_len_mean          | 1e+03       |
|    ep_rew_mean          | 2.74e+03    |
| time/                   |             |
|    fps                  | 615         |
|    iterations           | 81          |
|    time_elapsed         | 4314        |
|    total_timesteps      | 2654208     |
| train/                  |             |
|    approx_kl            | 0.018830247 |
|    clip_fraction        | 0.241       |
|    clip_range           | 0.2         |
|    entropy_loss         | -35.1       |
|    explained_variance   | 0.891       |
|    learning_rate        | 0.0003      |
|    loss                 | -0.187      |
|    n_updates            | 800         |
|    policy_gradient_loss | -0.0331     |
|    std                  | 0.989       |
|    value_loss           | 0.00951     |
-----------------------------------------
-----------------------------------------
| rollout/                |             |
|    ep_len_mean          | 1e+03       |
|    ep_rew_mean          | 2.74e+03    |
| time/                   |             |
|    fps                  | 616         |
|    iterations           | 82          |
|    time_elapsed         | 4358        |
|    total_timesteps      | 2686976     |
| train/                  |             |
|    approx_kl            | 0.018350907 |
|    clip_fraction        | 0.244       |
|    clip_range           | 0.2         |
|    entropy_loss         | -35.1       |
|    explained_variance   | 0.896       |
|    learning_rate        | 0.0003      |
|    loss                 | -0.186      |
|    n_updates            | 810         |
|    policy_gradient_loss | -0.0315     |
|    std                  | 0.989       |
|    value_loss           | 0.0104      |
-----------------------------------------
[checkpoint] published=C:\Users\ziyad\GeckoBrain\models\s4_run1_seed0\checkpoints\step-2700000 steps=2700000
Eval num_timesteps=2700000, episode_reward=2979.81 +/- 63.86
Episode length: 1000.00 +/- 0.00
----------------------------------------
| eval/                   |            |
|    mean_ep_length       | 1e+03      |
|    mean_reward          | 2.98e+03   |
| time/                   |            |
|    total_timesteps      | 2700000    |
| train/                  |            |
|    approx_kl            | 0.01837521 |
|    clip_fraction        | 0.24       |
|    clip_range           | 0.2        |
|    entropy_loss         | -35.1      |
|    explained_variance   | 0.887      |
|    learning_rate        | 0.0003     |
|    loss                 | -0.189     |
|    n_updates            | 820        |
|    policy_gradient_loss | -0.0321    |
|    std                  | 0.99       |
|    value_loss           | 0.0111     |
----------------------------------------
---------------------------------
| rollout/           |          |
|    ep_len_mean     | 1e+03    |
|    ep_rew_mean     | 2.76e+03 |
| time/              |          |
|    fps             | 613      |
|    iterations      | 83       |
|    time_elapsed    | 4429     |
|    total_timesteps | 2719744  |
---------------------------------
-----------------------------------------
| rollout/                |             |
|    ep_len_mean          | 1e+03       |
|    ep_rew_mean          | 2.78e+03    |
| time/                   |             |
|    fps                  | 615         |
|    iterations           | 84          |
|    time_elapsed         | 4472        |
|    total_timesteps      | 2752512     |
| train/                  |             |
|    approx_kl            | 0.019394632 |
|    clip_fraction        | 0.245       |
|    clip_range           | 0.2         |
|    entropy_loss         | -35.1       |
|    explained_variance   | 0.895       |
|    learning_rate        | 0.0003      |
|    loss                 | -0.186      |
|    n_updates            | 830         |
|    policy_gradient_loss | -0.0323     |
|    std                  | 0.99        |
|    value_loss           | 0.0105      |
-----------------------------------------
----------------------------------------
| rollout/                |            |
|    ep_len_mean          | 1e+03      |
|    ep_rew_mean          | 2.8e+03    |
| time/                   |            |
|    fps                  | 616        |
|    iterations           | 85         |
|    time_elapsed         | 4515       |
|    total_timesteps      | 2785280    |
| train/                  |            |
|    approx_kl            | 0.01917585 |
|    clip_fraction        | 0.247      |
|    clip_range           | 0.2        |
|    entropy_loss         | -35.1      |
|    explained_variance   | 0.895      |
|    learning_rate        | 0.0003     |
|    loss                 | -0.187     |
|    n_updates            | 840        |
|    policy_gradient_loss | -0.0338    |
|    std                  | 0.991      |
|    value_loss           | 0.0105     |
----------------------------------------
[checkpoint] published=C:\Users\ziyad\GeckoBrain\models\s4_run1_seed0\checkpoints\step-2800000 steps=2800000
Eval num_timesteps=2800000, episode_reward=3063.78 +/- 43.50
Episode length: 1000.00 +/- 0.00
-----------------------------------------
| eval/                   |             |
|    mean_ep_length       | 1e+03       |
|    mean_reward          | 3.06e+03    |
| time/                   |             |
|    total_timesteps      | 2800000     |
| train/                  |             |
|    approx_kl            | 0.019413449 |
|    clip_fraction        | 0.247       |
|    clip_range           | 0.2         |
|    entropy_loss         | -35.1       |
|    explained_variance   | 0.883       |
|    learning_rate        | 0.0003      |
|    loss                 | -0.184      |
|    n_updates            | 850         |
|    policy_gradient_loss | -0.0325     |
|    std                  | 0.991       |
|    value_loss           | 0.0101      |
-----------------------------------------
---------------------------------
| rollout/           |          |
|    ep_len_mean     | 1e+03    |
|    ep_rew_mean     | 2.81e+03 |
| time/              |          |
|    fps             | 613      |
|    iterations      | 86       |
|    time_elapsed    | 4591     |
|    total_timesteps | 2818048  |
---------------------------------
-----------------------------------------
| rollout/                |             |
|    ep_len_mean          | 1e+03       |
|    ep_rew_mean          | 2.82e+03    |
| time/                   |             |
|    fps                  | 615         |
|    iterations           | 87          |
|    time_elapsed         | 4634        |
|    total_timesteps      | 2850816     |
| train/                  |             |
|    approx_kl            | 0.019991875 |
|    clip_fraction        | 0.247       |
|    clip_range           | 0.2         |
|    entropy_loss         | -35.1       |
|    explained_variance   | 0.884       |
|    learning_rate        | 0.0003      |
|    loss                 | -0.187      |
|    n_updates            | 860         |
|    policy_gradient_loss | -0.0327     |
|    std                  | 0.99        |
|    value_loss           | 0.00988     |
-----------------------------------------
-----------------------------------------
| rollout/                |             |
|    ep_len_mean          | 1e+03       |
|    ep_rew_mean          | 2.81e+03    |
| time/                   |             |
|    fps                  | 616         |
|    iterations           | 88          |
|    time_elapsed         | 4679        |
|    total_timesteps      | 2883584     |
| train/                  |             |
|    approx_kl            | 0.019605264 |
|    clip_fraction        | 0.248       |
|    clip_range           | 0.2         |
|    entropy_loss         | -35.1       |
|    explained_variance   | 0.885       |
|    learning_rate        | 0.0003      |
|    loss                 | -0.184      |
|    n_updates            | 870         |
|    policy_gradient_loss | -0.0328     |
|    std                  | 0.991       |
|    value_loss           | 0.0106      |
-----------------------------------------
[checkpoint] published=C:\Users\ziyad\GeckoBrain\models\s4_run1_seed0\checkpoints\step-2900000 steps=2900000
Eval num_timesteps=2900000, episode_reward=3093.02 +/- 93.49
Episode length: 1000.00 +/- 0.00
----------------------------------------
| eval/                   |            |
|    mean_ep_length       | 1e+03      |
|    mean_reward          | 3.09e+03   |
| time/                   |            |
|    total_timesteps      | 2900000    |
| train/                  |            |
|    approx_kl            | 0.01890523 |
|    clip_fraction        | 0.246      |
|    clip_range           | 0.2        |
|    entropy_loss         | -35.1      |
|    explained_variance   | 0.897      |
|    learning_rate        | 0.0003     |
|    loss                 | -0.185     |
|    n_updates            | 880        |
|    policy_gradient_loss | -0.0321    |
|    std                  | 0.992      |
|    value_loss           | 0.00972    |
----------------------------------------
---------------------------------
| rollout/           |          |
|    ep_len_mean     | 1e+03    |
|    ep_rew_mean     | 2.81e+03 |
| time/              |          |
|    fps             | 614      |
|    iterations      | 89       |
|    time_elapsed    | 4743     |
|    total_timesteps | 2916352  |
---------------------------------
-----------------------------------------
| rollout/                |             |
|    ep_len_mean          | 1e+03       |
|    ep_rew_mean          | 2.81e+03    |
| time/                   |             |
|    fps                  | 616         |
|    iterations           | 90          |
|    time_elapsed         | 4780        |
|    total_timesteps      | 2949120     |
| train/                  |             |
|    approx_kl            | 0.019265773 |
|    clip_fraction        | 0.246       |
|    clip_range           | 0.2         |
|    entropy_loss         | -35.1       |
|    explained_variance   | 0.88        |
|    learning_rate        | 0.0003      |
|    loss                 | -0.188      |
|    n_updates            | 890         |
|    policy_gradient_loss | -0.0339     |
|    std                  | 0.991       |
|    value_loss           | 0.00964     |
-----------------------------------------
----------------------------------------
| rollout/                |            |
|    ep_len_mean          | 1e+03      |
|    ep_rew_mean          | 2.83e+03   |
| time/                   |            |
|    fps                  | 618        |
|    iterations           | 91         |
|    time_elapsed         | 4818       |
|    total_timesteps      | 2981888    |
| train/                  |            |
|    approx_kl            | 0.01932371 |
|    clip_fraction        | 0.245      |
|    clip_range           | 0.2        |
|    entropy_loss         | -35.1      |
|    explained_variance   | 0.882      |
|    learning_rate        | 0.0003     |
|    loss                 | -0.187     |
|    n_updates            | 900        |
|    policy_gradient_loss | -0.0328    |
|    std                  | 0.991      |
|    value_loss           | 0.0101     |
----------------------------------------
[checkpoint] published=C:\Users\ziyad\GeckoBrain\models\s4_run1_seed0\checkpoints\step-3000000 steps=3000000
Eval num_timesteps=3000000, episode_reward=3145.97 +/- 49.96
Episode length: 1000.00 +/- 0.00
-----------------------------------------
| eval/                   |             |
|    mean_ep_length       | 1e+03       |
|    mean_reward          | 3.15e+03    |
| time/                   |             |
|    total_timesteps      | 3000000     |
| train/                  |             |
|    approx_kl            | 0.019372124 |
|    clip_fraction        | 0.238       |
|    clip_range           | 0.2         |
|    entropy_loss         | -35.1       |
|    explained_variance   | 0.901       |
|    learning_rate        | 0.0003      |
|    loss                 | -0.188      |
|    n_updates            | 910         |
|    policy_gradient_loss | -0.0341     |
|    std                  | 0.992       |
|    value_loss           | 0.00864     |
-----------------------------------------
New best mean reward!
---------------------------------
| rollout/           |          |
|    ep_len_mean     | 1e+03    |
|    ep_rew_mean     | 2.83e+03 |
| time/              |          |
|    fps             | 617      |
|    iterations      | 92       |
|    time_elapsed    | 4882     |
|    total_timesteps | 3014656  |
---------------------------------
[checkpoint] published=C:\Users\ziyad\GeckoBrain\models\s4_run1_seed0\checkpoints\step-3014656-final steps=3014656
saved -> C:\Users\ziyad\GeckoBrain\models\s4_run1_seed0
